Component: ARM Compiler 5.06 update 6 (build 750) Tool: armlink [4d35ed]

==============================================================================

Section Cross References

    main.o(i.ROBOT_PS2_Control) refers to ax_ps2.o(i.AX_PS2_ScanKey) for AX_PS2_ScanKey
    main.o(i.ROBOT_PS2_Control) refers to ax_robot.o(.data) for my_joystick
    main.o(i.ROBOT_PS2_Control) refers to main.o(.data) for speed
    main.o(i.ROBOT_PS2_Control) refers to ax_robot.o(.bss) for R_Vel
    main.o(i.ROBOT_SendDataToRos) refers to ax_uart1.o(i.AX_UART1_SendPacket) for AX_UART1_SendPacket
    main.o(i.ROBOT_SendDataToRos) refers to ax_robot.o(.bss) for R_Vel
    main.o(i.ROBOT_SendDataToRos) refers to main.o(.data) for comdata
    main.o(i.main) refers to misc.o(i.NVIC_PriorityGroupConfig) for NVIC_PriorityGroupConfig
    main.o(i.main) refers to ax_servo.o(i.AX_SERVO_S1_Init) for AX_SERVO_S1_Init
    main.o(i.main) refers to ax_servo.o(i.AX_SERVO_S2_Init) for AX_SERVO_S2_Init
    main.o(i.main) refers to ax_motor.o(i.AX_MOTOR_AB_Init) for AX_MOTOR_AB_Init
    main.o(i.main) refers to ax_motor.o(i.AX_MOTOR_CD_Init) for AX_MOTOR_CD_Init
    main.o(i.main) refers to ax_delay.o(i.AX_DELAY_Init) for AX_DELAY_Init
    main.o(i.main) refers to ax_led.o(i.AX_LED_Init) for AX_LED_Init
    main.o(i.main) refers to ax_beep.o(i.AX_BEEP_Init) for AX_BEEP_Init
    main.o(i.main) refers to ax_uart1.o(i.AX_UART1_Init) for AX_UART1_Init
    main.o(i.main) refers to ax_encoder.o(i.AX_ENCODER_A_Init) for AX_ENCODER_A_Init
    main.o(i.main) refers to ax_encoder.o(i.AX_ENCODER_B_Init) for AX_ENCODER_B_Init
    main.o(i.main) refers to ax_encoder.o(i.AX_ENCODER_C_Init) for AX_ENCODER_C_Init
    main.o(i.main) refers to ax_encoder.o(i.AX_ENCODER_D_Init) for AX_ENCODER_D_Init
    main.o(i.main) refers to ax_ps2.o(i.AX_PS2_Init) for AX_PS2_Init
    main.o(i.main) refers to ax_tim.o(i.AX_TIM7_Init) for AX_TIM7_Init
    main.o(i.main) refers to ax_tim.o(i.AX_TIM7_Cmd) for AX_TIM7_Cmd
    main.o(i.main) refers to ax_tim.o(i.AX_TIM7_CheckIrqStatus) for AX_TIM7_CheckIrqStatus
    main.o(i.main) refers to main.o(i.ROBOT_PS2_Control) for ROBOT_PS2_Control
    main.o(i.main) refers to ax_kinematics.o(i.AX_ROBOT_Kinematics) for AX_ROBOT_Kinematics
    main.o(i.main) refers to main.o(i.ROBOT_SendDataToRos) for ROBOT_SendDataToRos
    main.o(i.main) refers to stm32f4xx_gpio.o(i.GPIO_ReadInputDataBit) for GPIO_ReadInputDataBit
    main.o(i.main) refers to stm32f4xx_gpio.o(i.GPIO_WriteBit) for GPIO_WriteBit
    system_stm32f4xx.o(i.SystemCoreClockUpdate) refers to system_stm32f4xx.o(.data) for SystemCoreClock
    system_stm32f4xx.o(i.SystemInit) refers to system_stm32f4xx.o(i.SetSysClock) for SetSysClock
    ax_kinematics.o(i.AX_ROBOT_Kinematics) refers to ax_kinematics.o(i.ROBOT_MEC_Kinematics) for ROBOT_MEC_Kinematics
    ax_kinematics.o(i.AX_ROBOT_Kinematics) refers to ax_kinematics.o(i.ROBOT_FWD_Kinematics) for ROBOT_FWD_Kinematics
    ax_kinematics.o(i.AX_ROBOT_Kinematics) refers to ax_kinematics.o(i.ROBOT_TWD_Kinematics) for ROBOT_TWD_Kinematics
    ax_kinematics.o(i.AX_ROBOT_Kinematics) refers to ax_kinematics.o(i.ROBOT_AKM_Kinematics) for ROBOT_AKM_Kinematics
    ax_kinematics.o(i.AX_ROBOT_Kinematics) refers to ax_kinematics.o(i.ROBOT_OMT_Kinematics) for ROBOT_OMT_Kinematics
    ax_kinematics.o(i.AX_ROBOT_Kinematics) refers to ax_kinematics.o(i.AX_ROBOT_Stop) for AX_ROBOT_Stop
    ax_kinematics.o(i.AX_ROBOT_Kinematics) refers to ax_robot.o(.data) for ax_robot_move_enable
    ax_kinematics.o(i.AX_ROBOT_Kinematics) refers to ax_robot.o(.bss) for R_Vel
    ax_kinematics.o(i.AX_ROBOT_Stop) refers to ax_motor.o(i.AX_MOTOR_A_SetSpeed) for AX_MOTOR_A_SetSpeed
    ax_kinematics.o(i.AX_ROBOT_Stop) refers to ax_motor.o(i.AX_MOTOR_B_SetSpeed) for AX_MOTOR_B_SetSpeed
    ax_kinematics.o(i.AX_ROBOT_Stop) refers to ax_motor.o(i.AX_MOTOR_C_SetSpeed) for AX_MOTOR_C_SetSpeed
    ax_kinematics.o(i.AX_ROBOT_Stop) refers to ax_motor.o(i.AX_MOTOR_D_SetSpeed) for AX_MOTOR_D_SetSpeed
    ax_kinematics.o(i.ROBOT_AKM_Kinematics) refers to ax_encoder.o(i.AX_ENCODER_A_GetCounter) for AX_ENCODER_A_GetCounter
    ax_kinematics.o(i.ROBOT_AKM_Kinematics) refers to dflti.o(.text) for __aeabi_i2d
    ax_kinematics.o(i.ROBOT_AKM_Kinematics) refers to dmul.o(.text) for __aeabi_dmul
    ax_kinematics.o(i.ROBOT_AKM_Kinematics) refers to d2f.o(.text) for __aeabi_d2f
    ax_kinematics.o(i.ROBOT_AKM_Kinematics) refers to f2d.o(.text) for __aeabi_f2d
    ax_kinematics.o(i.ROBOT_AKM_Kinematics) refers to ax_encoder.o(i.AX_ENCODER_A_SetCounter) for AX_ENCODER_A_SetCounter
    ax_kinematics.o(i.ROBOT_AKM_Kinematics) refers to ax_encoder.o(i.AX_ENCODER_B_GetCounter) for AX_ENCODER_B_GetCounter
    ax_kinematics.o(i.ROBOT_AKM_Kinematics) refers to ax_encoder.o(i.AX_ENCODER_B_SetCounter) for AX_ENCODER_B_SetCounter
    ax_kinematics.o(i.ROBOT_AKM_Kinematics) refers to ddiv.o(.text) for __aeabi_ddiv
    ax_kinematics.o(i.ROBOT_AKM_Kinematics) refers to tan.o(i.__hardfp_tan) for __hardfp_tan
[...]
    Removing stm32f4xx_wwdg.o(i.WWDG_SetWindowValue), (40 bytes).
    Removing startup_stm32f40_41xxx.o(HEAP), (512 bytes).
    Removing dneg.o(.text), (6 bytes).

845 unused section(s) (total 35188 bytes) removed from the image.

==============================================================================

Image Symbol Table

    Local Symbols

    Symbol Name                              Value     Ov Type        Size  Object(Section)

    ../clib/microlib/errno.c                 0x00000000   Number         0  errno.o ABSOLUTE
    ../clib/microlib/init/entry.s            0x00000000   Number         0  entry9b.o ABSOLUTE
    ../clib/microlib/init/entry.s            0x00000000   Number         0  entry10a.o ABSOLUTE
    ../clib/microlib/init/entry.s            0x00000000   Number         0  entry10b.o ABSOLUTE
    ../clib/microlib/init/entry.s            0x00000000   Number         0  entry11b.o ABSOLUTE
    ../clib/microlib/init/entry.s            0x00000000   Number         0  entry11a.o ABSOLUTE
    ../clib/microlib/init/entry.s            0x00000000   Number         0  entry.o ABSOLUTE
    ../clib/microlib/init/entry.s            0x00000000   Number         0  entry5.o ABSOLUTE
    ../clib/microlib/init/entry.s            0x00000000   Number         0  entry2.o ABSOLUTE
    ../clib/microlib/init/entry.s            0x00000000   Number         0  entry7a.o ABSOLUTE
    ../clib/microlib/init/entry.s            0x00000000   Number         0  entry7b.o ABSOLUTE
    ../clib/microlib/init/entry.s            0x00000000   Number         0  entry8a.o ABSOLUTE
    ../clib/microlib/init/entry.s            0x00000000   Number         0  entry8b.o ABSOLUTE
    ../clib/microlib/init/entry.s            0x00000000   Number         0  entry9a.o ABSOLUTE
    ../clib/microlib/longlong.c              0x00000000   Number         0  llshl.o ABSOLUTE
    ../clib/microlib/longlong.c              0x00000000   Number         0  llushr.o ABSOLUTE
    ../clib/microlib/longlong.c              0x00000000   Number         0  llsshr.o ABSOLUTE
    ../clib/microlib/stubs.s                 0x00000000   Number         0  iusefp.o ABSOLUTE
    ../fplib/microlib/d2f.c                  0x00000000   Number         0  d2f.o ABSOLUTE
    ../fplib/microlib/f2d.c                  0x00000000   Number         0  f2d.o ABSOLUTE
    ../fplib/microlib/fpadd.c                0x00000000   Number         0  dadd.o ABSOLUTE
    ../fplib/microlib/fpdiv.c                0x00000000   Number         0  ddiv.o ABSOLUTE
    ../fplib/microlib/fpepilogue.c           0x00000000   Number         0  fepilogue.o ABSOLUTE
    ../fplib/microlib/fpepilogue.c           0x00000000   Number         0  depilogue.o ABSOLUTE
    ../fplib/microlib/fpfix.c                0x00000000   Number         0  dfixi.o ABSOLUTE
    ../fplib/microlib/fpflt.c                0x00000000   Number         0  dflti.o ABSOLUTE
    ../fplib/microlib/fpflt.c                0x00000000   Number         0  dfltui.o ABSOLUTE
    ../fplib/microlib/fpmul.c                0x00000000   Number         0  dmul.o ABSOLUTE
    ../fplib/microlib/fpneg.c                0x00000000   Number         0  dneg.o ABSOLUTE
    ../mathlib/atan.c                        0x00000000   Number         0  atan_x.o ABSOLUTE
    ../mathlib/atan.c                        0x00000000   Number         0  atan.o ABSOLUTE
    ../mathlib/dunder.c                      0x00000000   Number         0  dunder.o ABSOLUTE
    ../mathlib/fabs.c                        0x00000000   Number         0  fabs.o ABSOLUTE
    ../mathlib/fpclassify.c                  0x00000000   Number         0  fpclassify.o ABSOLUTE
    ../mathlib/poly.c                        0x00000000   Number         0  poly.o ABSOLUTE
    ../mathlib/rred.c                        0x00000000   Number         0  rred.o ABSOLUTE
    ../mathlib/tan.c                         0x00000000   Number         0  tan_x.o ABSOLUTE
    ../mathlib/tan.c                         0x00000000   Number         0  tan.o ABSOLUTE
    ../mathlib/tan_i.c                       0x00000000   Number         0  tan_i.o ABSOLUTE
    ../mathlib/tan_i.c                       0x00000000   Number         0  tan_i_x.o ABSOLUTE
    ..\Driver\ax_beep.c                      0x00000000   Number         0  ax_beep.o ABSOLUTE
    ..\Driver\ax_delay.c                     0x00000000   Number         0  ax_delay.o ABSOLUTE
    ..\Driver\ax_encoder.c                   0x00000000   Number         0  ax_encoder.o ABSOLUTE
    ..\Driver\ax_led.c                       0x00000000   Number         0  ax_led.o ABSOLUTE
    ..\Driver\ax_motor.c                     0x00000000   Number         0  ax_motor.o ABSOLUTE
    ..\Driver\ax_ps2.c                       0x00000000   Number         0  ax_ps2.o ABSOLUTE
    ..\Driver\ax_servo.c                     0x00000000   Number         0  ax_servo.o ABSOLUTE
    ..\Driver\ax_sys.c                       0x00000000   Number         0  ax_sys.o ABSOLUTE
    ..\Driver\ax_tim.c                       0x00000000   Number         0  ax_tim.o ABSOLUTE
    ..\Driver\ax_uart1.c                     0x00000000   Number         0  ax_uart1.o ABSOLUTE
    ..\Libraries\CMSIS\Device\ST\STM32F4xx\Source\Templates\arm\startup_stm32f40_41xxx.s 0x00000000   Number         0  startup_stm32f40_41xxx.o ABSOLUTE
    ..\Libraries\STM32F4xx_StdPeriph_Driver\src\misc.c 0x00000000   Number         0  misc.o ABSOLUTE
    ..\Libraries\STM32F4xx_StdPeriph_Driver\src\stm32f4xx_adc.c 0x00000000   Number         0  stm32f4xx_adc.o ABSOLUTE
    ..\Libraries\STM32F4xx_StdPeriph_Driver\src\stm32f4xx_can.c 0x00000000   Number         0  stm32f4xx_can.o ABSOLUTE
    ..\Libraries\STM32F4xx_StdPeriph_Driver\src\stm32f4xx_cec.c 0x00000000   Number         0  stm32f4xx_cec.o ABSOLUTE
    ..\Libraries\STM32F4xx_StdPeriph_Driver\src\stm32f4xx_crc.c 0x00000000   Number         0  stm32f4xx_crc.o ABSOLUTE
    ..\Libraries\STM32F4xx_StdPeriph_Driver\src\stm32f4xx_cryp.c 0x00000000   Number         0  stm32f4xx_cryp.o ABSOLUTE
    ..\Libraries\STM32F4xx_StdPeriph_Driver\src\stm32f4xx_cryp_aes.c 0x00000000   Number         0  stm32f4xx_cryp_aes.o ABSOLUTE
    ..\Libraries\STM32F4xx_StdPeriph_Driver\src\stm32f4xx_cryp_des.c 0x00000000   Number         0  stm32f4xx_cryp_des.o ABSOLUTE
    ..\Libraries\STM32F4xx_StdPeriph_Driver\src\stm32f4xx_cryp_tdes.c 0x00000000   Number         0  stm32f4xx_cryp_tdes.o ABSOLUTE
    ..\Libraries\STM32F4xx_StdPeriph_Driver\src\stm32f4xx_dac.c 0x00000000   Number         0  stm32f4xx_dac.o ABSOLUTE
    ..\Libraries\STM32F4xx_StdPeriph_Driver\src\stm32f4xx_dbgmcu.c 0x00000000   Number         0  stm32f4xx_dbgmcu.o ABSOLUTE
    ..\Libraries\STM32F4xx_StdPeriph_Driver\src\stm32f4xx_dcmi.c 0x00000000   Number         0  stm32f4xx_dcmi.o ABSOLUTE
    ..\Libraries\STM32F4xx_StdPeriph_Driver\src\stm32f4xx_dfsdm.c 0x00000000   Number         0  stm32f4xx_dfsdm.o ABSOLUTE
    ..\Libraries\STM32F4xx_StdPeriph_Driver\src\stm32f4xx_dma.c 0x00000000   Number         0  stm32f4xx_dma.o ABSOLUTE
    ..\Libraries\STM32F4xx_StdPeriph_Driver\src\stm32f4xx_dma2d.c 0x00000000   Number         0  stm32f4xx_dma2d.o ABSOLUTE
    ..\Libraries\STM32F4xx_StdPeriph_Driver\src\stm32f4xx_dsi.c 0x00000000   Number         0  stm32f4xx_dsi.o ABSOLUTE
    ..\Libraries\STM32F4xx_StdPeriph_Driver\src\stm32f4xx_exti.c 0x00000000   Number         0  stm32f4xx_exti.o ABSOLUTE
    ..\Libraries\STM32F4xx_StdPeriph_Driver\src\stm32f4xx_flash.c 0x00000000   Number         0  stm32f4xx_flash.o ABSOLUTE
    ..\Libraries\STM32F4xx_StdPeriph_Driver\src\stm32f4xx_flash_ramfunc.c 0x00000000   Number         0  stm32f4xx_flash_ramfunc.o ABSOLUTE
    ..\Libraries\STM32F4xx_StdPeriph_Driver\src\stm32f4xx_fmpi2c.c 0x00000000   Number         0  stm32f4xx_fmpi2c.o ABSOLUTE
    ..\Libraries\STM32F4xx_StdPeriph_Driver\src\stm32f4xx_fsmc.c 0x00000000   Number         0  stm32f4xx_fsmc.o ABSOLUTE
    ..\Libraries\STM32F4xx_StdPeriph_Driver\src\stm32f4xx_gpio.c 0x00000000   Number         0  stm32f4xx_gpio.o ABSOLUTE
    ..\Libraries\STM32F4xx_StdPeriph_Driver\src\stm32f4xx_hash.c 0x00000000   Number         0  stm32f4xx_hash.o ABSOLUTE
    ..\Libraries\STM32F4xx_StdPeriph_Driver\src\stm32f4xx_hash_md5.c 0x00000000   Number         0  stm32f4xx_hash_md5.o ABSOLUTE
    ..\Libraries\STM32F4xx_StdPeriph_Driver\src\stm32f4xx_hash_sha1.c 0x00000000   Number         0  stm32f4xx_hash_sha1.o ABSOLUTE
    ..\Libraries\STM32F4xx_StdPeriph_Driver\src\stm32f4xx_i2c.c 0x00000000   Number         0  stm32f4xx_i2c.o ABSOLUTE
    ..\Libraries\STM32F4xx_StdPeriph_Driver\src\stm32f4xx_iwdg.c 0x00000000   Number         0  stm32f4xx_iwdg.o ABSOLUTE
    ..\Libraries\STM32F4xx_StdPeriph_Driver\src\stm32f4xx_lptim.c 0x00000000   Number         0  stm32f4xx_lptim.o ABSOLUTE
    ..\Libraries\STM32F4xx_StdPeriph_Driver\src\stm32f4xx_ltdc.c 0x00000000   Number         0  stm32f4xx_ltdc.o ABSOLUTE
    ..\Libraries\STM32F4xx_StdPeriph_Driver\src\stm32f4xx_pwr.c 0x00000000   Number         0  stm32f4xx_pwr.o ABSOLUTE
    ..\Libraries\STM32F4xx_StdPeriph_Driver\src\stm32f4xx_qspi.c 0x00000000   Number         0  stm32f4xx_qspi.o ABSOLUTE
    ..\Libraries\STM32F4xx_StdPeriph_Driver\src\stm32f4xx_rcc.c 0x00000000   Number         0  stm32f4xx_rcc.o ABSOLUTE
    ..\Libraries\STM32F4xx_StdPeriph_Driver\src\stm32f4xx_rng.c 0x00000000   Number         0  stm32f4xx_rng.o ABSOLUTE
    ..\Libraries\STM32F4xx_StdPeriph_Driver\src\stm32f4xx_rtc.c 0x00000000   Number         0  stm32f4xx_rtc.o ABSOLUTE
    ..\Libraries\STM32F4xx_StdPeriph_Driver\src\stm32f4xx_sai.c 0x00000000   Number         0  stm32f4xx_sai.o ABSOLUTE
    ..\Libraries\STM32F4xx_StdPeriph_Driver\src\stm32f4xx_sdio.c 0x00000000   Number         0  stm32f4xx_sdio.o ABSOLUTE
    ..\Libraries\STM32F4xx_StdPeriph_Driver\src\stm32f4xx_spdifrx.c 0x00000000   Number         0  stm32f4xx_spdifrx.o ABSOLUTE
    ..\Libraries\STM32F4xx_StdPeriph_Driver\src\stm32f4xx_spi.c 0x00000000   Number         0  stm32f4xx_spi.o ABSOLUTE
    ..\Libraries\STM32F4xx_StdPeriph_Driver\src\stm32f4xx_syscfg.c 0x00000000   Number         0  stm32f4xx_syscfg.o ABSOLUTE
    ..\Libraries\STM32F4xx_StdPeriph_Driver\src\stm32f4xx_tim.c 0x00000000   Number         0  stm32f4xx_tim.o ABSOLUTE
    ..\Libraries\STM32F4xx_StdPeriph_Driver\src\stm32f4xx_usart.c 0x00000000   Number         0  stm32f4xx_usart.o ABSOLUTE
    ..\Libraries\STM32F4xx_StdPeriph_Driver\src\stm32f4xx_wwdg.c 0x00000000   Number         0  stm32f4xx_wwdg.o ABSOLUTE
    ..\Robot\ax_kinematics.c                 0x00000000   Number         0  ax_kinematics.o ABSOLUTE
    ..\Robot\ax_robot.c                      0x00000000   Number         0  ax_robot.o ABSOLUTE
    ..\Robot\ax_speed.c                      0x00000000   Number         0  ax_speed.o ABSOLUTE
    ..\Robot\main.c                          0x00000000   Number         0  main.o ABSOLUTE
    ..\Robot\stm32f4xx_it.c                  0x00000000   Number         0  stm32f4xx_it.o ABSOLUTE
    ..\Robot\system_stm32f4xx.c              0x00000000   Number         0  system_stm32f4xx.o ABSOLUTE
    ..\\Driver\\ax_beep.c                    0x00000000   Number         0  ax_beep.o ABSOLUTE
    ..\\Driver\\ax_delay.c                   0x00000000   Number         0  ax_delay.o ABSOLUTE
    ..\\Driver\\ax_encoder.c                 0x00000000   Number         0  ax_encoder.o ABSOLUTE
    ..\\Driver\\ax_led.c                     0x00000000   Number         0  ax_led.o ABSOLUTE
    ..\\Driver\\ax_motor.c                   0x00000000   Number         0  ax_motor.o ABSOLUTE
    ..\\Driver\\ax_ps2.c                     0x00000000   Number         0  ax_ps2.o ABSOLUTE
    ..\\Driver\\ax_servo.c                   0x00000000   Number         0  ax_servo.o ABSOLUTE
    ..\\Driver\\ax_sys.c                     0x00000000   Number         0  ax_sys.o ABSOLUTE
    ..\\Driver\\ax_tim.c                     0x00000000   Number         0  ax_tim.o ABSOLUTE
    ..\\Driver\\ax_uart1.c                   0x00000000   Number         0  ax_uart1.o ABSOLUTE
    ..\\Libraries\\STM32F4xx_StdPeriph_Driver\\src\\misc.c 0x00000000   Number         0  misc.o ABSOLUTE
    ..\\Libraries\\STM32F4xx_StdPeriph_Driver\\src\\stm32f4xx_adc.c 0x00000000   Number         0  stm32f4xx_adc.o ABSOLUTE
    ..\\Libraries\\STM32F4xx_StdPeriph_Driver\\src\\stm32f4xx_can.c 0x00000000   Number         0  stm32f4xx_can.o ABSOLUTE
    ..\\Libraries\\STM32F4xx_StdPeriph_Driver\\src\\stm32f4xx_cec.c 0x00000000   Number         0  stm32f4xx_cec.o ABSOLUTE
    ..\\Libraries\\STM32F4xx_StdPeriph_Driver\\src\\stm32f4xx_crc.c 0x00000000   Number         0  stm32f4xx_crc.o ABSOLUTE
    ..\\Libraries\\STM32F4xx_StdPeriph_Driver\\src\\stm32f4xx_cryp.c 0x00000000   Number         0  stm32f4xx_cryp.o ABSOLUTE
    ..\\Libraries\\STM32F4xx_StdPeriph_Driver\\src\\stm32f4xx_cryp_aes.c 0x00000000   Number         0  stm32f4xx_cryp_aes.o ABSOLUTE
    ..\\Libraries\\STM32F4xx_StdPeriph_Driver\\src\\stm32f4xx_cryp_des.c 0x00000000   Number         0  stm32f4xx_cryp_des.o ABSOLUTE
    ..\\Libraries\\STM32F4xx_StdPeriph_Driver\\src\\stm32f4xx_cryp_tdes.c 0x00000000   Number         0  stm32f4xx_cryp_tdes.o ABSOLUTE
    ..\\Libraries\\STM32F4xx_StdPeriph_Driver\\src\\stm32f4xx_dac.c 0x00000000   Number         0  stm32f4xx_dac.o ABSOLUTE
    ..\\Libraries\\STM32F4xx_StdPeriph_Driver\\src\\stm32f4xx_dbgmcu.c 0x00000000   Number         0  stm32f4xx_dbgmcu.o ABSOLUTE
    ..\\Libraries\\STM32F4xx_StdPeriph_Driver\\src\\stm32f4xx_dcmi.c 0x00000000   Number         0  stm32f4xx_dcmi.o ABSOLUTE
    ..\\Libraries\\STM32F4xx_StdPeriph_Driver\\src\\stm32f4xx_dfsdm.c 0x00000000   Number         0  stm32f4xx_dfsdm.o ABSOLUTE
    ..\\Libraries\\STM32F4xx_StdPeriph_Driver\\src\\stm32f4xx_dma.c 0x00000000   Number         0  stm32f4xx_dma.o ABSOLUTE
    ..\\Libraries\\STM32F4xx_StdPeriph_Driver\\src\\stm32f4xx_dma2d.c 0x00000000   Number         0  stm32f4xx_dma2d.o ABSOLUTE
    ..\\Libraries\\STM32F4xx_StdPeriph_Driver\\src\\stm32f4xx_dsi.c 0x00000000   Number         0  stm32f4xx_dsi.o ABSOLUTE
    ..\\Libraries\\STM32F4xx_StdPeriph_Driver\\src\\stm32f4xx_exti.c 0x00000000   Number         0  stm32f4xx_exti.o ABSOLUTE
    ..\\Libraries\\STM32F4xx_StdPeriph_Driver\\src\\stm32f4xx_flash.c 0x00000000   Number         0  stm32f4xx_flash.o ABSOLUTE
    ..\\Libraries\\STM32F4xx_StdPeriph_Driver\\src\\stm32f4xx_flash_ramfunc.c 0x00000000   Number         0  stm32f4xx_flash_ramfunc.o ABSOLUTE
    ..\\Libraries\\STM32F4xx_StdPeriph_Driver\\src\\stm32f4xx_fmpi2c.c 0x00000000   Number         0  stm32f4xx_fmpi2c.o ABSOLUTE
    ..\\Libraries\\STM32F4xx_StdPeriph_Driver\\src\\stm32f4xx_fsmc.c 0x00000000   Number         0  stm32f4xx_fsmc.o ABSOLUTE
    ..\\Libraries\\STM32F4xx_StdPeriph_Driver\\src\\stm32f4xx_gpio.c 0x00000000   Number         0  stm32f4xx_gpio.o ABSOLUTE
    ..\\Libraries\\STM32F4xx_StdPeriph_Driver\\src\\stm32f4xx_hash.c 0x00000000   Number         0  stm32f4xx_hash.o ABSOLUTE
    ..\\Libraries\\STM32F4xx_StdPeriph_Driver\\src\\stm32f4xx_hash_md5.c 0x00000000   Number         0  stm32f4xx_hash_md5.o ABSOLUTE
    ..\\Libraries\\STM32F4xx_StdPeriph_Driver\\src\\stm32f4xx_hash_sha1.c 0x00000000   Number         0  stm32f4xx_hash_sha1.o ABSOLUTE
    ..\\Libraries\\STM32F4xx_StdPeriph_Driver\\src\\stm32f4xx_i2c.c 0x00000000   Number         0  stm32f4xx_i2c.o ABSOLUTE
    ..\\Libraries\\STM32F4xx_StdPeriph_Driver\\src\\stm32f4xx_iwdg.c 0x00000000   Number         0  stm32f4xx_iwdg.o ABSOLUTE
    ..\\Libraries\\STM32F4xx_StdPeriph_Driver\\src\\stm32f4xx_lptim.c 0x00000000   Number         0  stm32f4xx_lptim.o ABSOLUTE
    ..\\Libraries\\STM32F4xx_StdPeriph_Driver\\src\\stm32f4xx_ltdc.c 0x00000000   Number         0  stm32f4xx_ltdc.o ABSOLUTE
    ..\\Libraries\\STM32F4xx_StdPeriph_Driver\\src\\stm32f4xx_pwr.c 0x00000000   Number         0  stm32f4xx_pwr.o ABSOLUTE
    ..\\Libraries\\STM32F4xx_StdPeriph_Driver\\src\\stm32f4xx_qspi.c 0x00000000   Number         0  stm32f4xx_qspi.o ABSOLUTE
    ..\\Libraries\\STM32F4xx_StdPeriph_Driver\\src\\stm32f4xx_rcc.c 0x00000000   Number         0  stm32f4xx_rcc.o ABSOLUTE
    ..\\Libraries\\STM32F4xx_StdPeriph_Driver\\src\\stm32f4xx_rng.c 0x00000000   Number         0  stm32f4xx_rng.o ABSOLUTE
    ..\\Libraries\\STM32F4xx_StdPeriph_Driver\\src\\stm32f4xx_rtc.c 0x00000000   Number         0  stm32f4xx_rtc.o ABSOLUTE
    ..\\Libraries\\STM32F4xx_StdPeriph_Driver\\src\\stm32f4xx_sai.c 0x00000000   Number         0  stm32f4xx_sai.o ABSOLUTE
    ..\\Libraries\\STM32F4xx_StdPeriph_Driver\\src\\stm32f4xx_sdio.c 0x00000000   Number         0  stm32f4xx_sdio.o ABSOLUTE
    ..\\Libraries\\STM32F4xx_StdPeriph_Driver\\src\\stm32f4xx_spdifrx.c 0x00000000   Number         0  stm32f4xx_spdifrx.o ABSOLUTE
    ..\\Libraries\\STM32F4xx_StdPeriph_Driver\\src\\stm32f4xx_spi.c 0x00000000   Number         0  stm32f4xx_spi.o ABSOLUTE
    ..\\Libraries\\STM32F4xx_StdPeriph_Driver\\src\\stm32f4xx_syscfg.c 0x00000000   Number         0  stm32f4xx_syscfg.o ABSOLUTE
    ..\\Libraries\\STM32F4xx_StdPeriph_Driver\\src\\stm32f4xx_tim.c 0x00000000   Number         0  stm32f4xx_tim.o ABSOLUTE
    ..\\Libraries\\STM32F4xx_StdPeriph_Driver\\src\\stm32f4xx_usart.c 0x00000000   Number         0  stm32f4xx_usart.o ABSOLUTE
    ..\\Libraries\\STM32F4xx_StdPeriph_Driver\\src\\stm32f4xx_wwdg.c 0x00000000   Number         0  stm32f4xx_wwdg.o ABSOLUTE
    ..\\Robot\\ax_kinematics.c               0x00000000   Number         0  ax_kinematics.o ABSOLUTE
    ..\\Robot\\ax_robot.c                    0x00000000   Number         0  ax_robot.o ABSOLUTE
    ..\\Robot\\ax_speed.c                    0x00000000   Number         0  ax_speed.o ABSOLUTE
    ..\\Robot\\main.c                        0x00000000   Number         0  main.o ABSOLUTE
    ..\\Robot\\stm32f4xx_it.c                0x00000000   Number         0  stm32f4xx_it.o ABSOLUTE
    ..\\Robot\\system_stm32f4xx.c            0x00000000   Number         0  system_stm32f4xx.o ABSOLUTE
    dc.s                                     0x00000000   Number         0  dc.o ABSOLUTE
    handlers.s                               0x00000000   Number         0  handlers.o ABSOLUTE
    init.s                                   0x00000000   Number         0  init.o ABSOLUTE
    RESET                                    0x08000000   Section      392  startup_stm32f40_41xxx.o(RESET)
    .ARM.Collect$$$$00000000                 0x08000188   Section        0  entry.o(.ARM.Collect$$$$00000000)
    .ARM.Collect$$$$00000001                 0x08000188   Section        4  entry2.o(.ARM.Collect$$$$00000001)
    .ARM.Collect$$$$00000004                 0x0800018c   Section        4  entry5.o(.ARM.Collect$$$$00000004)
    .ARM.Collect$$$$00000008                 0x08000190   Section        0  entry7b.o(.ARM.Collect$$$$00000008)
    .ARM.Collect$$$$0000000A                 0x08000190   Section        0  entry8b.o(.ARM.Collect$$$$0000000A)
    .ARM.Collect$$$$0000000B                 0x08000190   Section        8  entry9a.o(.ARM.Collect$$$$0000000B)
    .ARM.Collect$$$$0000000D                 0x08000198   Section        0  entry10a.o(.ARM.Collect$$$$0000000D)
    .ARM.Collect$$$$0000000F                 0x08000198   Section        0  entry11a.o(.ARM.Collect$$$$0000000F)
    .ARM.Collect$$$$00002712                 0x08000198   Section        4  entry2.o(.ARM.Collect$$$$00002712)
    __lit__00000000                          0x08000198   Data           4  entry2.o(.ARM.Collect$$$$00002712)
    .text                                    0x0800019c   Section       76  startup_stm32f40_41xxx.o(.text)
    $v0                                      0x0800019c   Number         0  startup_stm32f40_41xxx.o(.text)
    .text                                    0x080001e8   Section        0  dadd.o(.text)
    .text                                    0x08000336   Section        0  dmul.o(.text)
    .text                                    0x0800041a   Section        0  ddiv.o(.text)
    .text                                    0x080004f8   Section        0  dflti.o(.text)
    .text                                    0x0800051a   Section        0  dfixi.o(.text)
    .text                                    0x08000558   Section        0  f2d.o(.text)
    .text                                    0x0800057e   Section        0  d2f.o(.text)
    .text                                    0x080005b6   Section        0  llshl.o(.text)
    .text                                    0x080005d4   Section        0  llushr.o(.text)
    .text                                    0x080005f4   Section        0  llsshr.o(.text)
    .text                                    0x08000618   Section        0  iusefp.o(.text)
    .text                                    0x08000618   Section        0  fepilogue.o(.text)
    .text                                    0x08000686   Section        0  depilogue.o(.text)
    .text                                    0x08000740   Section       36  init.o(.text)
    .text                                    0x08000764   Section        0  dfltui.o(.text)
    i.AX_BEEP_Init                           0x08000780   Section        0  ax_beep.o(i.AX_BEEP_Init)
    i.AX_DELAY_Init                          0x080007bc   Section        0  ax_delay.o(i.AX_DELAY_Init)
    i.AX_Delayus                             0x080007c8   Section        0  ax_delay.o(i.AX_Delayus)
    i.AX_ENCODER_A_GetCounter                0x08000812   Section        0  ax_encoder.o(i.AX_ENCODER_A_GetCounter)
    i.AX_ENCODER_A_Init                      0x0800081c   Section        0  ax_encoder.o(i.AX_ENCODER_A_Init)
    i.AX_ENCODER_A_SetCounter                0x080008ec   Section        0  ax_encoder.o(i.AX_ENCODER_A_SetCounter)
    i.AX_ENCODER_B_GetCounter                0x080008f4   Section        0  ax_encoder.o(i.AX_ENCODER_B_GetCounter)
    i.AX_ENCODER_B_Init                      0x08000900   Section        0  ax_encoder.o(i.AX_ENCODER_B_Init)
    i.AX_ENCODER_B_SetCounter                0x080009b4   Section        0  ax_encoder.o(i.AX_ENCODER_B_SetCounter)
    i.AX_ENCODER_C_GetCounter                0x080009c0   Section        0  ax_encoder.o(i.AX_ENCODER_C_GetCounter)
    i.AX_ENCODER_C_Init                      0x080009cc   Section        0  ax_encoder.o(i.AX_ENCODER_C_Init)
    i.AX_ENCODER_C_SetCounter                0x08000a80   Section        0  ax_encoder.o(i.AX_ENCODER_C_SetCounter)
    i.AX_ENCODER_D_GetCounter                0x08000a8c   Section        0  ax_encoder.o(i.AX_ENCODER_D_GetCounter)
    i.AX_ENCODER_D_Init                      0x08000a98   Section        0  ax_encoder.o(i.AX_ENCODER_D_Init)
    i.AX_ENCODER_D_SetCounter                0x08000b4c   Section        0  ax_encoder.o(i.AX_ENCODER_D_SetCounter)
    i.AX_LED_Init                            0x08000b58   Section        0  ax_led.o(i.AX_LED_Init)
    i.AX_MOTOR_AB_Init                       0x08000ba8   Section        0  ax_motor.o(i.AX_MOTOR_AB_Init)
    i.AX_MOTOR_A_SetSpeed                    0x08000ca0   Section        0  ax_motor.o(i.AX_MOTOR_A_SetSpeed)
    i.AX_MOTOR_B_SetSpeed                    0x08000cf4   Section        0  ax_motor.o(i.AX_MOTOR_B_SetSpeed)
    i.AX_MOTOR_CD_Init                       0x08000d48   Section        0  ax_motor.o(i.AX_MOTOR_CD_Init)
    i.AX_MOTOR_C_SetSpeed                    0x08000eb4   Section        0  ax_motor.o(i.AX_MOTOR_C_SetSpeed)
    i.AX_MOTOR_D_SetSpeed                    0x08000f08   Section        0  ax_motor.o(i.AX_MOTOR_D_SetSpeed)
    i.AX_PS2_Init                            0x08000f5c   Section        0  ax_ps2.o(i.AX_PS2_Init)
    i.AX_PS2_ScanKey                         0x08001008   Section        0  ax_ps2.o(i.AX_PS2_ScanKey)
    i.AX_ROBOT_Kinematics                    0x0800106c   Section        0  ax_kinematics.o(i.AX_ROBOT_Kinematics)
    i.AX_ROBOT_Stop                          0x080010c4   Section        0  ax_kinematics.o(i.AX_ROBOT_Stop)
    i.AX_SERVO_S1_Init                       0x080010e0   Section        0  ax_servo.o(i.AX_SERVO_S1_Init)
    i.AX_SERVO_S1_SetAngle                   0x08001188   Section        0  ax_servo.o(i.AX_SERVO_S1_SetAngle)
    i.AX_SERVO_S2_Init                       0x080011d4   Section        0  ax_servo.o(i.AX_SERVO_S2_Init)
    i.AX_SERVO_S2_SetAngle                   0x0800127c   Section        0  ax_servo.o(i.AX_SERVO_S2_SetAngle)
    i.AX_SPEED_PidCtlA                       0x080012c8   Section        0  ax_speed.o(i.AX_SPEED_PidCtlA)
    i.AX_SPEED_PidCtlB                       0x08001380   Section        0  ax_speed.o(i.AX_SPEED_PidCtlB)
    i.AX_SPEED_PidCtlC                       0x08001438   Section        0  ax_speed.o(i.AX_SPEED_PidCtlC)
    i.AX_SPEED_PidCtlD                       0x080014f0   Section        0  ax_speed.o(i.AX_SPEED_PidCtlD)
    i.AX_TIM7_CheckIrqStatus                 0x080015a8   Section        0  ax_tim.o(i.AX_TIM7_CheckIrqStatus)
    i.AX_TIM7_Cmd                            0x080015c0   Section        0  ax_tim.o(i.AX_TIM7_Cmd)
    i.AX_TIM7_Init                           0x080015dc   Section        0  ax_tim.o(i.AX_TIM7_Init)
    i.AX_UART1_Init                          0x08001640   Section        0  ax_uart1.o(i.AX_UART1_Init)
    i.AX_UART1_SendPacket                    0x080016f4   Section        0  ax_uart1.o(i.AX_UART1_SendPacket)
    i.BusFault_Handler                       0x08001784   Section        0  stm32f4xx_it.o(i.BusFault_Handler)
    i.DebugMon_Handler                       0x08001788   Section        0  stm32f4xx_it.o(i.DebugMon_Handler)
    i.GPIO_Init                              0x0800178a   Section        0  stm32f4xx_gpio.o(i.GPIO_Init)
    i.GPIO_PinAFConfig                       0x0800181a   Section        0  stm32f4xx_gpio.o(i.GPIO_PinAFConfig)
    i.GPIO_ReadInputDataBit                  0x08001860   Section        0  stm32f4xx_gpio.o(i.GPIO_ReadInputDataBit)
    i.GPIO_ResetBits                         0x08001872   Section        0  stm32f4xx_gpio.o(i.GPIO_ResetBits)
    i.GPIO_SetBits                           0x08001876   Section        0  stm32f4xx_gpio.o(i.GPIO_SetBits)
    i.GPIO_WriteBit                          0x0800187a   Section        0  stm32f4xx_gpio.o(i.GPIO_WriteBit)
    i.HardFault_Handler                      0x08001884   Section        0  stm32f4xx_it.o(i.HardFault_Handler)
    i.MemManage_Handler                      0x08001888   Section        0  stm32f4xx_it.o(i.MemManage_Handler)
    i.NMI_Handler                            0x0800188c   Section        0  stm32f4xx_it.o(i.NMI_Handler)
    i.NVIC_Init                              0x08001890   Section        0  misc.o(i.NVIC_Init)
    i.NVIC_PriorityGroupConfig               0x08001908   Section        0  misc.o(i.NVIC_PriorityGroupConfig)
    i.PS2_ReadWriteData                      0x0800191c   Section        0  ax_ps2.o(i.PS2_ReadWriteData)
    PS2_ReadWriteData                        0x0800191d   Thumb Code   108  ax_ps2.o(i.PS2_ReadWriteData)
    i.RCC_AHB1PeriphClockCmd                 0x08001990   Section        0  stm32f4xx_rcc.o(i.RCC_AHB1PeriphClockCmd)
    i.RCC_APB1PeriphClockCmd                 0x080019b0   Section        0  stm32f4xx_rcc.o(i.RCC_APB1PeriphClockCmd)
    i.RCC_APB1PeriphResetCmd                 0x080019d0   Section        0  stm32f4xx_rcc.o(i.RCC_APB1PeriphResetCmd)
    i.RCC_APB2PeriphClockCmd                 0x080019f0   Section        0  stm32f4xx_rcc.o(i.RCC_APB2PeriphClockCmd)
    i.RCC_APB2PeriphResetCmd                 0x08001a10   Section        0  stm32f4xx_rcc.o(i.RCC_APB2PeriphResetCmd)
    i.RCC_GetClocksFreq                      0x08001a30   Section        0  stm32f4xx_rcc.o(i.RCC_GetClocksFreq)
    i.ROBOT_AKM_Kinematics                   0x08001b18   Section        0  ax_kinematics.o(i.ROBOT_AKM_Kinematics)
    i.ROBOT_FWD_Kinematics                   0x08001fc0   Section        0  ax_kinematics.o(i.ROBOT_FWD_Kinematics)
    i.ROBOT_MEC_Kinematics                   0x08002544   Section        0  ax_kinematics.o(i.ROBOT_MEC_Kinematics)
    i.ROBOT_OMT_Kinematics                   0x08002b84   Section        0  ax_kinematics.o(i.ROBOT_OMT_Kinematics)
    i.ROBOT_PS2_Control                      0x08003118   Section        0  main.o(i.ROBOT_PS2_Control)
    i.ROBOT_SendDataToRos                    0x0800317c   Section        0  main.o(i.ROBOT_SendDataToRos)
    i.ROBOT_TWD_Kinematics                   0x080031c0   Section        0  ax_kinematics.o(i.ROBOT_TWD_Kinematics)
    i.SVC_Handler                            0x08003520   Section        0  stm32f4xx_it.o(i.SVC_Handler)
    i.SetSysClock                            0x08003524   Section        0  system_stm32f4xx.o(i.SetSysClock)
    SetSysClock                              0x08003525   Thumb Code   220  system_stm32f4xx.o(i.SetSysClock)
    i.SysTick_CLKSourceConfig                0x08003610   Section        0  misc.o(i.SysTick_CLKSourceConfig)
    i.SystemInit                             0x08003638   Section        0  system_stm32f4xx.o(i.SystemInit)
    i.TI1_Config                             0x080036a0   Section        0  stm32f4xx_tim.o(i.TI1_Config)
    TI1_Config                               0x080036a1   Thumb Code    58  stm32f4xx_tim.o(i.TI1_Config)
    i.TI2_Config                             0x080036da   Section        0  stm32f4xx_tim.o(i.TI2_Config)
    TI2_Config                               0x080036db   Thumb Code    80  stm32f4xx_tim.o(i.TI2_Config)
    i.TI3_Config                             0x0800372a   Section        0  stm32f4xx_tim.o(i.TI3_Config)
    TI3_Config                               0x0800372b   Thumb Code    72  stm32f4xx_tim.o(i.TI3_Config)
    i.TI4_Config                             0x08003772   Section        0  stm32f4xx_tim.o(i.TI4_Config)
    TI4_Config                               0x08003773   Thumb Code    80  stm32f4xx_tim.o(i.TI4_Config)
    i.TIM7_IRQHandler                        0x080037c4   Section        0  ax_tim.o(i.TIM7_IRQHandler)
    i.TIM_ARRPreloadConfig                   0x080037e8   Section        0  stm32f4xx_tim.o(i.TIM_ARRPreloadConfig)
    i.TIM_ClearFlag                          0x08003800   Section        0  stm32f4xx_tim.o(i.TIM_ClearFlag)
    i.TIM_ClearITPendingBit                  0x08003806   Section        0  stm32f4xx_tim.o(i.TIM_ClearITPendingBit)
    i.TIM_Cmd                                0x0800380c   Section        0  stm32f4xx_tim.o(i.TIM_Cmd)
    i.TIM_CtrlPWMOutputs                     0x08003824   Section        0  stm32f4xx_tim.o(i.TIM_CtrlPWMOutputs)
    i.TIM_DeInit                             0x08003844   Section        0  stm32f4xx_tim.o(i.TIM_DeInit)
    i.TIM_EncoderInterfaceConfig             0x080039d4   Section        0  stm32f4xx_tim.o(i.TIM_EncoderInterfaceConfig)
    i.TIM_GetITStatus                        0x08003a16   Section        0  stm32f4xx_tim.o(i.TIM_GetITStatus)
    i.TIM_ICInit                             0x08003a38   Section        0  stm32f4xx_tim.o(i.TIM_ICInit)
    i.TIM_ICStructInit                       0x08003aa6   Section        0  stm32f4xx_tim.o(i.TIM_ICStructInit)
    i.TIM_ITConfig                           0x08003ab8   Section        0  stm32f4xx_tim.o(i.TIM_ITConfig)
    i.TIM_OC1Init                            0x08003acc   Section        0  stm32f4xx_tim.o(i.TIM_OC1Init)
    i.TIM_OC1PreloadConfig                   0x08003b48   Section        0  stm32f4xx_tim.o(i.TIM_OC1PreloadConfig)
    i.TIM_OC2Init                            0x08003b5c   Section        0  stm32f4xx_tim.o(i.TIM_OC2Init)
    i.TIM_OC2PreloadConfig                   0x08003c00   Section        0  stm32f4xx_tim.o(i.TIM_OC2PreloadConfig)
    i.TIM_OC3Init                            0x08003c1c   Section        0  stm32f4xx_tim.o(i.TIM_OC3Init)
    i.TIM_OC3PreloadConfig                   0x08003cbc   Section        0  stm32f4xx_tim.o(i.TIM_OC3PreloadConfig)
    i.TIM_OC4Init                            0x08003cd0   Section        0  stm32f4xx_tim.o(i.TIM_OC4Init)
    i.TIM_OC4PreloadConfig                   0x08003d48   Section        0  stm32f4xx_tim.o(i.TIM_OC4PreloadConfig)
    i.TIM_SetCompare1                        0x08003d62   Section        0  stm32f4xx_tim.o(i.TIM_SetCompare1)
    i.TIM_SetCompare2                        0x08003d66   Section        0  stm32f4xx_tim.o(i.TIM_SetCompare2)
    i.TIM_SetCompare3                        0x08003d6a   Section        0  stm32f4xx_tim.o(i.TIM_SetCompare3)
    i.TIM_SetCompare4                        0x08003d6e   Section        0  stm32f4xx_tim.o(i.TIM_SetCompare4)
    i.TIM_SetCounter                         0x08003d72   Section        0  stm32f4xx_tim.o(i.TIM_SetCounter)
    i.TIM_SetIC1Prescaler                    0x08003d76   Section        0  stm32f4xx_tim.o(i.TIM_SetIC1Prescaler)
    i.TIM_SetIC2Prescaler                    0x08003d88   Section        0  stm32f4xx_tim.o(i.TIM_SetIC2Prescaler)
    i.TIM_SetIC3Prescaler                    0x08003da2   Section        0  stm32f4xx_tim.o(i.TIM_SetIC3Prescaler)
    i.TIM_SetIC4Prescaler                    0x08003db4   Section        0  stm32f4xx_tim.o(i.TIM_SetIC4Prescaler)
    i.TIM_TimeBaseInit                       0x08003dd0   Section        0  stm32f4xx_tim.o(i.TIM_TimeBaseInit)
    i.TIM_TimeBaseStructInit                 0x08003e54   Section        0  stm32f4xx_tim.o(i.TIM_TimeBaseStructInit)
    i.USART1_IRQHandler                      0x08003e68   Section        0  ax_uart1.o(i.USART1_IRQHandler)
    i.USART_ClearFlag                        0x08003f74   Section        0  stm32f4xx_usart.o(i.USART_ClearFlag)
    i.USART_Cmd                              0x08003f86   Section        0  stm32f4xx_usart.o(i.USART_Cmd)
    i.USART_GetFlagStatus                    0x08003f9e   Section        0  stm32f4xx_usart.o(i.USART_GetFlagStatus)
    i.USART_GetITStatus                      0x08003fb8   Section        0  stm32f4xx_usart.o(i.USART_GetITStatus)
    i.USART_ITConfig                         0x0800400c   Section        0  stm32f4xx_usart.o(i.USART_ITConfig)
    i.USART_Init                             0x08004058   Section        0  stm32f4xx_usart.o(i.USART_Init)
    i.USART_ReceiveData                      0x0800412c   Section        0  stm32f4xx_usart.o(i.USART_ReceiveData)
    i.USART_SendData                         0x08004136   Section        0  stm32f4xx_usart.o(i.USART_SendData)
    i.UsageFault_Handler                     0x0800413e   Section        0  stm32f4xx_it.o(i.UsageFault_Handler)
    i.__ARM_fpclassify                       0x08004142   Section        0  fpclassify.o(i.__ARM_fpclassify)
    i.__hardfp_atan                          0x08004178   Section        0  atan.o(i.__hardfp_atan)
    i.__hardfp_tan                           0x08004450   Section        0  tan.o(i.__hardfp_tan)
    i.__ieee754_rem_pio2                     0x080044d0   Section        0  rred.o(i.__ieee754_rem_pio2)
    i.__kernel_poly                          0x08004908   Section        0  poly.o(i.__kernel_poly)
    i.__kernel_tan                           0x08004a00   Section        0  tan_i.o(i.__kernel_tan)
    i.__mathlib_dbl_infnan                   0x08004d50   Section        0  dunder.o(i.__mathlib_dbl_infnan)
    i.__mathlib_dbl_invalid                  0x08004d68   Section        0  dunder.o(i.__mathlib_dbl_invalid)
    i.__mathlib_dbl_underflow                0x08004d88   Section        0  dunder.o(i.__mathlib_dbl_underflow)
    i.__scatterload_copy                     0x08004da8   Section       14  handlers.o(i.__scatterload_copy)
    i.__scatterload_null                     0x08004db6   Section        2  handlers.o(i.__scatterload_null)
    i.__scatterload_zeroinit                 0x08004db8   Section       14  handlers.o(i.__scatterload_zeroinit)
    i.__set_errno                            0x08004dc8   Section        0  errno.o(i.__set_errno)
    i.fabs                                   0x08004dd4   Section        0  fabs.o(i.fabs)
    i.main                                   0x08004dec   Section        0  main.o(i.main)
    .constdata                               0x08004e6c   Section        9  ax_ps2.o(.constdata)
    .constdata                               0x08004e78   Section      152  atan.o(.constdata)
    atanhi                                   0x08004e78   Data          32  atan.o(.constdata)
    atanlo                                   0x08004e98   Data          32  atan.o(.constdata)
    aTodd                                    0x08004eb8   Data          40  atan.o(.constdata)
    aTeven                                   0x08004ee0   Data          48  atan.o(.constdata)
    .constdata                               0x08004f10   Section      200  rred.o(.constdata)
    pio2s                                    0x08004f10   Data          48  rred.o(.constdata)
    twooverpi                                0x08004f40   Data         152  rred.o(.constdata)
    .constdata                               0x08004fd8   Section       96  tan_i.o(.constdata)
    Todd                                     0x08004fd8   Data          48  tan_i.o(.constdata)
    Teven                                    0x08005008   Data          48  tan_i.o(.constdata)
    .data                                    0x20000000   Section        7  main.o(.data)
    comdata                                  0x20000000   Data           6  main.o(.data)
    speed                                    0x20000006   Data           1  main.o(.data)
    .data                                    0x20000008   Section       17  ax_robot.o(.data)
    .data                                    0x2000001c   Section       48  ax_speed.o(.data)
    motor_pwm_out                            0x2000001c   Data           2  ax_speed.o(.data)
    bias                                     0x20000020   Data           4  ax_speed.o(.data)
    bias_last                                0x20000024   Data           4  ax_speed.o(.data)
    motor_pwm_out                            0x20000028   Data           2  ax_speed.o(.data)
    bias                                     0x2000002c   Data           4  ax_speed.o(.data)
    bias_last                                0x20000030   Data           4  ax_speed.o(.data)
    motor_pwm_out                            0x20000034   Data           2  ax_speed.o(.data)
    bias                                     0x20000038   Data           4  ax_speed.o(.data)
    bias_last                                0x2000003c   Data           4  ax_speed.o(.data)
    motor_pwm_out                            0x20000040   Data           2  ax_speed.o(.data)
    bias                                     0x20000044   Data           4  ax_speed.o(.data)
    bias_last                                0x20000048   Data           4  ax_speed.o(.data)
    .data                                    0x2000004c   Section        3  ax_uart1.o(.data)
    uart1_flag_rx_ok                         0x2000004c   Data           1  ax_uart1.o(.data)
    uart1_rx_con                             0x2000004d   Data           1  ax_uart1.o(.data)
    uart1_rx_checksum                        0x2000004e   Data           1  ax_uart1.o(.data)
    .data                                    0x2000004f   Section        1  ax_tim.o(.data)
    .data                                    0x20000050   Section       16  stm32f4xx_rcc.o(.data)
    APBAHBPrescTable                         0x20000050   Data          16  stm32f4xx_rcc.o(.data)
    .data                                    0x20000060   Section        4  errno.o(.data)
    _errno                                   0x20000060   Data           4  errno.o(.data)
    .bss                                     0x20000068   Section      104  ax_robot.o(.bss)
    .bss                                     0x200000d0   Section       80  ax_uart1.o(.bss)
    uart1_rx_buf                             0x200000d0   Data          40  ax_uart1.o(.bss)
    uart1_tx_buf                             0x200000f8   Data          40  ax_uart1.o(.bss)
    .bss                                     0x20000120   Section        9  ax_ps2.o(.bss)
    PS2_data                                 0x20000120   Data           9  ax_ps2.o(.bss)
    STACK                                    0x20000130   Section     1024  startup_stm32f40_41xxx.o(STACK)

    Global Symbols

    Symbol Name                              Value     Ov Type        Size  Object(Section)

    BuildAttributes$$THM_ISAv4$E$P$D$K$B$S$7EM$VFPi3$EXTD16$VFPS$VFMA$PE$A:L22UL41UL21$X:L11$S22US41US21$IEEE1$IW$USESV6$~STKCKD$USESV7$~SHL$OTIME$ROPI$IEEEX$EBA8$MICROLIB$REQ8$PRES8$EABIv2 0x00000000   Number         0  anon$$obj.o ABSOLUTE
    __ARM_use_no_argv                        0x00000000   Number         0  main.o ABSOLUTE
    __cpp_initialize__aeabi_                  - Undefined Weak Reference
    __cxa_finalize                            - Undefined Weak Reference
    __decompress                              - Undefined Weak Reference
    _clock_init                               - Undefined Weak Reference
    _microlib_exit                            - Undefined Weak Reference
    __Vectors_Size                           0x00000188   Number         0  startup_stm32f40_41xxx.o ABSOLUTE
    __Vectors                                0x08000000   Data           4  startup_stm32f40_41xxx.o(RESET)
    __Vectors_End                            0x08000188   Data           0  startup_stm32f40_41xxx.o(RESET)
    __main                                   0x08000189   Thumb Code     0  entry.o(.ARM.Collect$$$$00000000)
    _main_stk                                0x08000189   Thumb Code     0  entry2.o(.ARM.Collect$$$$00000001)
    _main_scatterload                        0x0800018d   Thumb Code     0  entry5.o(.ARM.Collect$$$$00000004)
    __main_after_scatterload                 0x08000191   Thumb Code     0  entry5.o(.ARM.Collect$$$$00000004)
    _main_clock                              0x08000191   Thumb Code     0  entry7b.o(.ARM.Collect$$$$00000008)
    _main_cpp_init                           0x08000191   Thumb Code     0  entry8b.o(.ARM.Collect$$$$0000000A)
    _main_init                               0x08000191   Thumb Code     0  entry9a.o(.ARM.Collect$$$$0000000B)
    __rt_final_cpp                           0x08000199   Thumb Code     0  entry10a.o(.ARM.Collect$$$$0000000D)
    __rt_final_exit                          0x08000199   Thumb Code     0  entry11a.o(.ARM.Collect$$$$0000000F)
    Reset_Handler                            0x0800019d   Thumb Code    40  startup_stm32f40_41xxx.o(.text)
    OS_CPU_PendSVHandler                     0x080001d3   Thumb Code     2  startup_stm32f40_41xxx.o(.text)
    OS_CPU_SysTickHandler                    0x080001d5   Thumb Code     2  startup_stm32f40_41xxx.o(.text)
    ADC_IRQHandler                           0x080001d7   Thumb Code     0  startup_stm32f40_41xxx.o(.text)
    CAN1_RX0_IRQHandler                      0x080001d7   Thumb Code     0  startup_stm32f40_41xxx.o(.text)
    CAN1_RX1_IRQHandler                      0x080001d7   Thumb Code     0  startup_stm32f40_41xxx.o(.text)
    CAN1_SCE_IRQHandler                      0x080001d7   Thumb Code     0  startup_stm32f40_41xxx.o(.text)
    CAN1_TX_IRQHandler                       0x080001d7   Thumb Code     0  startup_stm32f40_41xxx.o(.text)
    CAN2_RX0_IRQHandler                      0x080001d7   Thumb Code     0  startup_stm32f40_41xxx.o(.text)
    CAN2_RX1_IRQHandler                      0x080001d7   Thumb Code     0  startup_stm32f40_41xxx.o(.text)
    CAN2_SCE_IRQHandler                      0x080001d7   Thumb Code     0  startup_stm32f40_41xxx.o(.text)
    CAN2_TX_IRQHandler                       0x080001d7   Thumb Code     0  startup_stm32f40_41xxx.o(.text)
    CRYP_IRQHandler                          0x080001d7   Thumb Code     0  startup_stm32f40_41xxx.o(.text)
    DCMI_IRQHandler                          0x080001d7   Thumb Code     0  startup_stm32f40_41xxx.o(.text)
    DMA1_Stream0_IRQHandler                  0x080001d7   Thumb Code     0  startup_stm32f40_41xxx.o(.text)
    DMA1_Stream1_IRQHandler                  0x080001d7   Thumb Code     0  startup_stm32f40_41xxx.o(.text)
    DMA1_Stream2_IRQHandler                  0x080001d7   Thumb Code     0  startup_stm32f40_41xxx.o(.text)
    DMA1_Stream3_IRQHandler                  0x080001d7   Thumb Code     0  startup_stm32f40_41xxx.o(.text)
    DMA1_Stream4_IRQHandler                  0x080001d7   Thumb Code     0  startup_stm32f40_41xxx.o(.text)
    DMA1_Stream5_IRQHandler                  0x080001d7   Thumb Code     0  startup_stm32f40_41xxx.o(.text)
    DMA1_Stream6_IRQHandler                  0x080001d7   Thumb Code     0  startup_stm32f40_41xxx.o(.text)
    DMA1_Stream7_IRQHandler                  0x080001d7   Thumb Code     0  startup_stm32f40_41xxx.o(.text)
    DMA2_Stream0_IRQHandler                  0x080001d7   Thumb Code     0  startup_stm32f40_41xxx.o(.text)
    DMA2_Stream1_IRQHandler                  0x080001d7   Thumb Code     0  startup_stm32f40_41xxx.o(.text)
    DMA2_Stream2_IRQHandler                  0x080001d7   Thumb Code     0  startup_stm32f40_41xxx.o(.text)
    DMA2_Stream3_IRQHandler                  0x080001d7   Thumb Code     0  startup_stm32f40_41xxx.o(.text)
    DMA2_Stream4_IRQHandler                  0x080001d7   Thumb Code     0  startup_stm32f40_41xxx.o(.text)
    DMA2_Stream5_IRQHandler                  0x080001d7   Thumb Code     0  startup_stm32f40_41xxx.o(.text)
    DMA2_Stream6_IRQHandler                  0x080001d7   Thumb Code     0  startup_stm32f40_41xxx.o(.text)
    DMA2_Stream7_IRQHandler                  0x080001d7   Thumb Code     0  startup_stm32f40_41xxx.o(.text)
    ETH_IRQHandler                           0x080001d7   Thumb Code     0  startup_stm32f40_41xxx.o(.text)
    ETH_WKUP_IRQHandler                      0x080001d7   Thumb Code     0  startup_stm32f40_41xxx.o(.text)
    EXTI0_IRQHandler                         0x080001d7   Thumb Code     0  startup_stm32f40_41xxx.o(.text)
    EXTI15_10_IRQHandler                     0x080001d7   Thumb Code     0  startup_stm32f40_41xxx.o(.text)
    EXTI1_IRQHandler                         0x080001d7   Thumb Code     0  startup_stm32f40_41xxx.o(.text)
    EXTI2_IRQHandler                         0x080001d7   Thumb Code     0  startup_stm32f40_41xxx.o(.text)
    EXTI3_IRQHandler                         0x080001d7   Thumb Code     0  startup_stm32f40_41xxx.o(.text)
    EXTI4_IRQHandler                         0x080001d7   Thumb Code     0  startup_stm32f40_41xxx.o(.text)
    EXTI9_5_IRQHandler                       0x080001d7   Thumb Code     0  startup_stm32f40_41xxx.o(.text)
    FLASH_IRQHandler                         0x080001d7   Thumb Code     0  startup_stm32f40_41xxx.o(.text)
    FPU_IRQHandler                           0x080001d7   Thumb Code     0  startup_stm32f40_41xxx.o(.text)
    FSMC_IRQHandler                          0x080001d7   Thumb Code     0  startup_stm32f40_41xxx.o(.text)
    HASH_RNG_IRQHandler                      0x080001d7   Thumb Code     0  startup_stm32f40_41xxx.o(.text)
    I2C1_ER_IRQHandler                       0x080001d7   Thumb Code     0  startup_stm32f40_41xxx.o(.text)
    I2C1_EV_IRQHandler                       0x080001d7   Thumb Code     0  startup_stm32f40_41xxx.o(.text)
    I2C2_ER_IRQHandler                       0x080001d7   Thumb Code     0  startup_stm32f40_41xxx.o(.text)
    I2C2_EV_IRQHandler                       0x080001d7   Thumb Code     0  startup_stm32f40_41xxx.o(.text)
    I2C3_ER_IRQHandler                       0x080001d7   Thumb Code     0  startup_stm32f40_41xxx.o(.text)
    I2C3_EV_IRQHandler                       0x080001d7   Thumb Code     0  startup_stm32f40_41xxx.o(.text)
    OTG_FS_IRQHandler                        0x080001d7   Thumb Code     0  startup_stm32f40_41xxx.o(.text)
    OTG_FS_WKUP_IRQHandler                   0x080001d7   Thumb Code     0  startup_stm32f40_41xxx.o(.text)
    OTG_HS_EP1_IN_IRQHandler                 0x080001d7   Thumb Code     0  startup_stm32f40_41xxx.o(.text)
    OTG_HS_EP1_OUT_IRQHandler                0x080001d7   Thumb Code     0  startup_stm32f40_41xxx.o(.text)
    OTG_HS_IRQHandler                        0x080001d7   Thumb Code     0  startup_stm32f40_41xxx.o(.text)
    OTG_HS_WKUP_IRQHandler                   0x080001d7   Thumb Code     0  startup_stm32f40_41xxx.o(.text)
    PVD_IRQHandler                           0x080001d7   Thumb Code     0  startup_stm32f40_41xxx.o(.text)
    RCC_IRQHandler                           0x080001d7   Thumb Code     0  startup_stm32f40_41xxx.o(.text)
    RTC_Alarm_IRQHandler                     0x080001d7   Thumb Code     0  startup_stm32f40_41xxx.o(.text)
    RTC_WKUP_IRQHandler                      0x080001d7   Thumb Code     0  startup_stm32f40_41xxx.o(.text)
    SDIO_IRQHandler                          0x080001d7   Thumb Code     0  startup_stm32f40_41xxx.o(.text)
    SPI1_IRQHandler                          0x080001d7   Thumb Code     0  startup_stm32f40_41xxx.o(.text)
    SPI2_IRQHandler                          0x080001d7   Thumb Code     0  startup_stm32f40_41xxx.o(.text)
    SPI3_IRQHandler                          0x080001d7   Thumb Code     0  startup_stm32f40_41xxx.o(.text)
    TAMP_STAMP_IRQHandler                    0x080001d7   Thumb Code     0  startup_stm32f40_41xxx.o(.text)
    TIM1_BRK_TIM9_IRQHandler                 0x080001d7   Thumb Code     0  startup_stm32f40_41xxx.o(.text)
    TIM1_CC_IRQHandler                       0x080001d7   Thumb Code     0  startup_stm32f40_41xxx.o(.text)
    TIM1_TRG_COM_TIM11_IRQHandler            0x080001d7   Thumb Code     0  startup_stm32f40_41xxx.o(.text)
    TIM1_UP_TIM10_IRQHandler                 0x080001d7   Thumb Code     0  startup_stm32f40_41xxx.o(.text)
    TIM2_IRQHandler                          0x080001d7   Thumb Code     0  startup_stm32f40_41xxx.o(.text)
    TIM3_IRQHandler                          0x080001d7   Thumb Code     0  startup_stm32f40_41xxx.o(.text)
    TIM4_IRQHandler                          0x080001d7   Thumb Code     0  startup_stm32f40_41xxx.o(.text)
    TIM5_IRQHandler                          0x080001d7   Thumb Code     0  startup_stm32f40_41xxx.o(.text)
    TIM6_DAC_IRQHandler                      0x080001d7   Thumb Code     0  startup_stm32f40_41xxx.o(.text)
    TIM8_BRK_TIM12_IRQHandler                0x080001d7   Thumb Code     0  startup_stm32f40_41xxx.o(.text)
    TIM8_CC_IRQHandler                       0x080001d7   Thumb Code     0  startup_stm32f40_41xxx.o(.text)
    TIM8_TRG_COM_TIM14_IRQHandler            0x080001d7   Thumb Code     0  startup_stm32f40_41xxx.o(.text)
    TIM8_UP_TIM13_IRQHandler                 0x080001d7   Thumb Code     0  startup_stm32f40_41xxx.o(.text)
    UART4_IRQHandler                         0x080001d7   Thumb Code     0  startup_stm32f40_41xxx.o(.text)
    UART5_IRQHandler                         0x080001d7   Thumb Code     0  startup_stm32f40_41xxx.o(.text)
    USART2_IRQHandler                        0x080001d7   Thumb Code     0  startup_stm32f40_41xxx.o(.text)
    USART3_IRQHandler                        0x080001d7   Thumb Code     0  startup_stm32f40_41xxx.o(.text)
    USART6_IRQHandler                        0x080001d7   Thumb Code     0  startup_stm32f40_41xxx.o(.text)
    WWDG_IRQHandler                          0x080001d7   Thumb Code     0  startup_stm32f40_41xxx.o(.text)
    __aeabi_dadd                             0x080001e9   Thumb Code   322  dadd.o(.text)
    __aeabi_dsub                             0x0800032b   Thumb Code     6  dadd.o(.text)
    __aeabi_drsub                            0x08000331   Thumb Code     6  dadd.o(.text)
    __aeabi_dmul                             0x08000337   Thumb Code   228  dmul.o(.text)
    __aeabi_ddiv                             0x0800041b   Thumb Code   222  ddiv.o(.text)
    __aeabi_i2d                              0x080004f9   Thumb Code    34  dflti.o(.text)
    __aeabi_d2iz                             0x0800051b   Thumb Code    62  dfixi.o(.text)
    __aeabi_f2d                              0x08000559   Thumb Code    38  f2d.o(.text)
    __aeabi_d2f                              0x0800057f   Thumb Code    56  d2f.o(.text)
    __aeabi_llsl                             0x080005b7   Thumb Code    30  llshl.o(.text)
    _ll_shift_l                              0x080005b7   Thumb Code     0  llshl.o(.text)
    __aeabi_llsr                             0x080005d5   Thumb Code    32  llushr.o(.text)
    _ll_ushift_r                             0x080005d5   Thumb Code     0  llushr.o(.text)
    __aeabi_lasr                             0x080005f5   Thumb Code    36  llsshr.o(.text)
    _ll_sshift_r                             0x080005f5   Thumb Code     0  llsshr.o(.text)
    __I$use$fp                               0x08000619   Thumb Code     0  iusefp.o(.text)
    _float_round                             0x08000619   Thumb Code    18  fepilogue.o(.text)
    _float_epilogue                          0x0800062b   Thumb Code    92  fepilogue.o(.text)
    _double_round                            0x08000687   Thumb Code    30  depilogue.o(.text)
    _double_epilogue                         0x080006a5   Thumb Code   156  depilogue.o(.text)
    __scatterload                            0x08000741   Thumb Code    28  init.o(.text)
    __scatterload_rt2                        0x08000741   Thumb Code     0  init.o(.text)
    __aeabi_ui2d                             0x08000765   Thumb Code    26  dfltui.o(.text)
    AX_BEEP_Init                             0x08000781   Thumb Code    56  ax_beep.o(i.AX_BEEP_Init)
    AX_DELAY_Init                            0x080007bd   Thumb Code    12  ax_delay.o(i.AX_DELAY_Init)
    AX_Delayus                               0x080007c9   Thumb Code    74  ax_delay.o(i.AX_Delayus)
    AX_ENCODER_A_GetCounter                  0x08000813   Thumb Code    10  ax_encoder.o(i.AX_ENCODER_A_GetCounter)
    AX_ENCODER_A_Init                        0x0800081d   Thumb Code   200  ax_encoder.o(i.AX_ENCODER_A_Init)
    AX_ENCODER_A_SetCounter                  0x080008ed   Thumb Code     8  ax_encoder.o(i.AX_ENCODER_A_SetCounter)
    AX_ENCODER_B_GetCounter                  0x080008f5   Thumb Code     8  ax_encoder.o(i.AX_ENCODER_B_GetCounter)
    AX_ENCODER_B_Init                        0x08000901   Thumb Code   170  ax_encoder.o(i.AX_ENCODER_B_Init)
    AX_ENCODER_B_SetCounter                  0x080009b5   Thumb Code     6  ax_encoder.o(i.AX_ENCODER_B_SetCounter)
    AX_ENCODER_C_GetCounter                  0x080009c1   Thumb Code     8  ax_encoder.o(i.AX_ENCODER_C_GetCounter)
    AX_ENCODER_C_Init                        0x080009cd   Thumb Code   170  ax_encoder.o(i.AX_ENCODER_C_Init)
    AX_ENCODER_C_SetCounter                  0x08000a81   Thumb Code     6  ax_encoder.o(i.AX_ENCODER_C_SetCounter)
    AX_ENCODER_D_GetCounter                  0x08000a8d   Thumb Code     8  ax_encoder.o(i.AX_ENCODER_D_GetCounter)
    AX_ENCODER_D_Init                        0x08000a99   Thumb Code   172  ax_encoder.o(i.AX_ENCODER_D_Init)
    AX_ENCODER_D_SetCounter                  0x08000b4d   Thumb Code     6  ax_encoder.o(i.AX_ENCODER_D_SetCounter)
    AX_LED_Init                              0x08000b59   Thumb Code    76  ax_led.o(i.AX_LED_Init)
    AX_MOTOR_AB_Init                         0x08000ba9   Thumb Code   240  ax_motor.o(i.AX_MOTOR_AB_Init)
    AX_MOTOR_A_SetSpeed                      0x08000ca1   Thumb Code    76  ax_motor.o(i.AX_MOTOR_A_SetSpeed)
    AX_MOTOR_B_SetSpeed                      0x08000cf5   Thumb Code    76  ax_motor.o(i.AX_MOTOR_B_SetSpeed)
    AX_MOTOR_CD_Init                         0x08000d49   Thumb Code   348  ax_motor.o(i.AX_MOTOR_CD_Init)
    AX_MOTOR_C_SetSpeed                      0x08000eb5   Thumb Code    76  ax_motor.o(i.AX_MOTOR_C_SetSpeed)
    AX_MOTOR_D_SetSpeed                      0x08000f09   Thumb Code    76  ax_motor.o(i.AX_MOTOR_D_SetSpeed)
    AX_PS2_Init                              0x08000f5d   Thumb Code   162  ax_ps2.o(i.AX_PS2_Init)
    AX_PS2_ScanKey                           0x08001009   Thumb Code    88  ax_ps2.o(i.AX_PS2_ScanKey)
    AX_ROBOT_Kinematics                      0x0800106d   Thumb Code    76  ax_kinematics.o(i.AX_ROBOT_Kinematics)
    AX_ROBOT_Stop                            0x080010c5   Thumb Code    28  ax_kinematics.o(i.AX_ROBOT_Stop)
    AX_SERVO_S1_Init                         0x080010e1   Thumb Code   160  ax_servo.o(i.AX_SERVO_S1_Init)
    AX_SERVO_S1_SetAngle                     0x08001189   Thumb Code    58  ax_servo.o(i.AX_SERVO_S1_SetAngle)
    AX_SERVO_S2_Init                         0x080011d5   Thumb Code   160  ax_servo.o(i.AX_SERVO_S2_Init)
    AX_SERVO_S2_SetAngle                     0x0800127d   Thumb Code    58  ax_servo.o(i.AX_SERVO_S2_SetAngle)
    AX_SPEED_PidCtlA                         0x080012c9   Thumb Code   158  ax_speed.o(i.AX_SPEED_PidCtlA)
    AX_SPEED_PidCtlB                         0x08001381   Thumb Code   158  ax_speed.o(i.AX_SPEED_PidCtlB)
    AX_SPEED_PidCtlC                         0x08001439   Thumb Code   158  ax_speed.o(i.AX_SPEED_PidCtlC)
    AX_SPEED_PidCtlD                         0x080014f1   Thumb Code   158  ax_speed.o(i.AX_SPEED_PidCtlD)
    AX_TIM7_CheckIrqStatus                   0x080015a9   Thumb Code    20  ax_tim.o(i.AX_TIM7_CheckIrqStatus)
    AX_TIM7_Cmd                              0x080015c1   Thumb Code    22  ax_tim.o(i.AX_TIM7_Cmd)
    AX_TIM7_Init                             0x080015dd   Thumb Code    96  ax_tim.o(i.AX_TIM7_Init)
    AX_UART1_Init                            0x08001641   Thumb Code   170  ax_uart1.o(i.AX_UART1_Init)
    AX_UART1_SendPacket                      0x080016f5   Thumb Code   134  ax_uart1.o(i.AX_UART1_SendPacket)
    BusFault_Handler                         0x08001785   Thumb Code     4  stm32f4xx_it.o(i.BusFault_Handler)
    DebugMon_Handler                         0x08001789   Thumb Code     2  stm32f4xx_it.o(i.DebugMon_Handler)
    GPIO_Init                                0x0800178b   Thumb Code   144  stm32f4xx_gpio.o(i.GPIO_Init)
    GPIO_PinAFConfig                         0x0800181b   Thumb Code    70  stm32f4xx_gpio.o(i.GPIO_PinAFConfig)
    GPIO_ReadInputDataBit                    0x08001861   Thumb Code    18  stm32f4xx_gpio.o(i.GPIO_ReadInputDataBit)
    GPIO_ResetBits                           0x08001873   Thumb Code     4  stm32f4xx_gpio.o(i.GPIO_ResetBits)
    GPIO_SetBits                             0x08001877   Thumb Code     4  stm32f4xx_gpio.o(i.GPIO_SetBits)
    GPIO_WriteBit                            0x0800187b   Thumb Code    10  stm32f4xx_gpio.o(i.GPIO_WriteBit)
    HardFault_Handler                        0x08001885   Thumb Code     4  stm32f4xx_it.o(i.HardFault_Handler)
    MemManage_Handler                        0x08001889   Thumb Code     4  stm32f4xx_it.o(i.MemManage_Handler)
    NMI_Handler                              0x0800188d   Thumb Code     2  stm32f4xx_it.o(i.NMI_Handler)
    NVIC_Init                                0x08001891   Thumb Code   106  misc.o(i.NVIC_Init)
    NVIC_PriorityGroupConfig                 0x08001909   Thumb Code    10  misc.o(i.NVIC_PriorityGroupConfig)
    RCC_AHB1PeriphClockCmd                   0x08001991   Thumb Code    26  stm32f4xx_rcc.o(i.RCC_AHB1PeriphClockCmd)
    RCC_APB1PeriphClockCmd                   0x080019b1   Thumb Code    26  stm32f4xx_rcc.o(i.RCC_APB1PeriphClockCmd)
    RCC_APB1PeriphResetCmd                   0x080019d1   Thumb Code    26  stm32f4xx_rcc.o(i.RCC_APB1PeriphResetCmd)
    RCC_APB2PeriphClockCmd                   0x080019f1   Thumb Code    26  stm32f4xx_rcc.o(i.RCC_APB2PeriphClockCmd)
    RCC_APB2PeriphResetCmd                   0x08001a11   Thumb Code    26  stm32f4xx_rcc.o(i.RCC_APB2PeriphResetCmd)
    RCC_GetClocksFreq                        0x08001a31   Thumb Code   214  stm32f4xx_rcc.o(i.RCC_GetClocksFreq)
    ROBOT_AKM_Kinematics                     0x08001b19   Thumb Code  1190  ax_kinematics.o(i.ROBOT_AKM_Kinematics)
    ROBOT_FWD_Kinematics                     0x08001fc1   Thumb Code  1392  ax_kinematics.o(i.ROBOT_FWD_Kinematics)
    ROBOT_MEC_Kinematics                     0x08002545   Thumb Code  1578  ax_kinematics.o(i.ROBOT_MEC_Kinematics)
    ROBOT_OMT_Kinematics                     0x08002b85   Thumb Code  1412  ax_kinematics.o(i.ROBOT_OMT_Kinematics)
    ROBOT_PS2_Control                        0x08003119   Thumb Code    86  main.o(i.ROBOT_PS2_Control)
    ROBOT_SendDataToRos                      0x0800317d   Thumb Code    58  main.o(i.ROBOT_SendDataToRos)
    ROBOT_TWD_Kinematics                     0x080031c1   Thumb Code   800  ax_kinematics.o(i.ROBOT_TWD_Kinematics)
    SVC_Handler                              0x08003521   Thumb Code     2  stm32f4xx_it.o(i.SVC_Handler)
    SysTick_CLKSourceConfig                  0x08003611   Thumb Code    40  misc.o(i.SysTick_CLKSourceConfig)
    SystemInit                               0x08003639   Thumb Code    88  system_stm32f4xx.o(i.SystemInit)
    TIM7_IRQHandler                          0x080037c5   Thumb Code    28  ax_tim.o(i.TIM7_IRQHandler)
    TIM_ARRPreloadConfig                     0x080037e9   Thumb Code    24  stm32f4xx_tim.o(i.TIM_ARRPreloadConfig)
    TIM_ClearFlag                            0x08003801   Thumb Code     6  stm32f4xx_tim.o(i.TIM_ClearFlag)
    TIM_ClearITPendingBit                    0x08003807   Thumb Code     6  stm32f4xx_tim.o(i.TIM_ClearITPendingBit)
    TIM_Cmd                                  0x0800380d   Thumb Code    24  stm32f4xx_tim.o(i.TIM_Cmd)
    TIM_CtrlPWMOutputs                       0x08003825   Thumb Code    30  stm32f4xx_tim.o(i.TIM_CtrlPWMOutputs)
    TIM_DeInit                               0x08003845   Thumb Code   346  stm32f4xx_tim.o(i.TIM_DeInit)
    TIM_EncoderInterfaceConfig               0x080039d5   Thumb Code    66  stm32f4xx_tim.o(i.TIM_EncoderInterfaceConfig)
    TIM_GetITStatus                          0x08003a17   Thumb Code    34  stm32f4xx_tim.o(i.TIM_GetITStatus)
    TIM_ICInit                               0x08003a39   Thumb Code   110  stm32f4xx_tim.o(i.TIM_ICInit)
    TIM_ICStructInit                         0x08003aa7   Thumb Code    18  stm32f4xx_tim.o(i.TIM_ICStructInit)
    TIM_ITConfig                             0x08003ab9   Thumb Code    18  stm32f4xx_tim.o(i.TIM_ITConfig)
    TIM_OC1Init                              0x08003acd   Thumb Code   114  stm32f4xx_tim.o(i.TIM_OC1Init)
    TIM_OC1PreloadConfig                     0x08003b49   Thumb Code    18  stm32f4xx_tim.o(i.TIM_OC1PreloadConfig)
    TIM_OC2Init                              0x08003b5d   Thumb Code   154  stm32f4xx_tim.o(i.TIM_OC2Init)
    TIM_OC2PreloadConfig                     0x08003c01   Thumb Code    26  stm32f4xx_tim.o(i.TIM_OC2PreloadConfig)
    TIM_OC3Init                              0x08003c1d   Thumb Code   150  stm32f4xx_tim.o(i.TIM_OC3Init)
    TIM_OC3PreloadConfig                     0x08003cbd   Thumb Code    18  stm32f4xx_tim.o(i.TIM_OC3PreloadConfig)
    TIM_OC4Init                              0x08003cd1   Thumb Code   112  stm32f4xx_tim.o(i.TIM_OC4Init)
    TIM_OC4PreloadConfig                     0x08003d49   Thumb Code    26  stm32f4xx_tim.o(i.TIM_OC4PreloadConfig)
    TIM_SetCompare1                          0x08003d63   Thumb Code     4  stm32f4xx_tim.o(i.TIM_SetCompare1)
    TIM_SetCompare2                          0x08003d67   Thumb Code     4  stm32f4xx_tim.o(i.TIM_SetCompare2)
    TIM_SetCompare3                          0x08003d6b   Thumb Code     4  stm32f4xx_tim.o(i.TIM_SetCompare3)
    TIM_SetCompare4                          0x08003d6f   Thumb Code     4  stm32f4xx_tim.o(i.TIM_SetCompare4)
    TIM_SetCounter                           0x08003d73   Thumb Code     4  stm32f4xx_tim.o(i.TIM_SetCounter)
    TIM_SetIC1Prescaler                      0x08003d77   Thumb Code    18  stm32f4xx_tim.o(i.TIM_SetIC1Prescaler)
    TIM_SetIC2Prescaler                      0x08003d89   Thumb Code    26  stm32f4xx_tim.o(i.TIM_SetIC2Prescaler)
    TIM_SetIC3Prescaler                      0x08003da3   Thumb Code    18  stm32f4xx_tim.o(i.TIM_SetIC3Prescaler)
    TIM_SetIC4Prescaler                      0x08003db5   Thumb Code    26  stm32f4xx_tim.o(i.TIM_SetIC4Prescaler)
    TIM_TimeBaseInit                         0x08003dd1   Thumb Code   104  stm32f4xx_tim.o(i.TIM_TimeBaseInit)
    TIM_TimeBaseStructInit                   0x08003e55   Thumb Code    18  stm32f4xx_tim.o(i.TIM_TimeBaseStructInit)
    USART1_IRQHandler                        0x08003e69   Thumb Code   244  ax_uart1.o(i.USART1_IRQHandler)
    USART_ClearFlag                          0x08003f75   Thumb Code    18  stm32f4xx_usart.o(i.USART_ClearFlag)
    USART_Cmd                                0x08003f87   Thumb Code    24  stm32f4xx_usart.o(i.USART_Cmd)
    USART_GetFlagStatus                      0x08003f9f   Thumb Code    26  stm32f4xx_usart.o(i.USART_GetFlagStatus)
    USART_GetITStatus                        0x08003fb9   Thumb Code    84  stm32f4xx_usart.o(i.USART_GetITStatus)
    USART_ITConfig                           0x0800400d   Thumb Code    74  stm32f4xx_usart.o(i.USART_ITConfig)
    USART_Init                               0x08004059   Thumb Code   204  stm32f4xx_usart.o(i.USART_Init)
    USART_ReceiveData                        0x0800412d   Thumb Code    10  stm32f4xx_usart.o(i.USART_ReceiveData)
    USART_SendData                           0x08004137   Thumb Code     8  stm32f4xx_usart.o(i.USART_SendData)
    UsageFault_Handler                       0x0800413f   Thumb Code     4  stm32f4xx_it.o(i.UsageFault_Handler)
    __ARM_fpclassify                         0x08004143   Thumb Code    48  fpclassify.o(i.__ARM_fpclassify)
    __hardfp_atan                            0x08004179   Thumb Code   622  atan.o(i.__hardfp_atan)
    __hardfp_tan                             0x08004451   Thumb Code   108  tan.o(i.__hardfp_tan)
    __ieee754_rem_pio2                       0x080044d1   Thumb Code   938  rred.o(i.__ieee754_rem_pio2)
    __kernel_poly                            0x08004909   Thumb Code   248  poly.o(i.__kernel_poly)
    __kernel_tan                             0x08004a01   Thumb Code   764  tan_i.o(i.__kernel_tan)
    __mathlib_dbl_infnan                     0x08004d51   Thumb Code    20  dunder.o(i.__mathlib_dbl_infnan)
    __mathlib_dbl_invalid                    0x08004d69   Thumb Code    24  dunder.o(i.__mathlib_dbl_invalid)
    __mathlib_dbl_underflow                  0x08004d89   Thumb Code    24  dunder.o(i.__mathlib_dbl_underflow)
    __scatterload_copy                       0x08004da9   Thumb Code    14  handlers.o(i.__scatterload_copy)
    __scatterload_null                       0x08004db7   Thumb Code     2  handlers.o(i.__scatterload_null)
    __scatterload_zeroinit                   0x08004db9   Thumb Code    14  handlers.o(i.__scatterload_zeroinit)
    __set_errno                              0x08004dc9   Thumb Code     6  errno.o(i.__set_errno)
    fabs                                     0x08004dd5   Thumb Code    24  fabs.o(i.fabs)
    main                                     0x08004ded   Thumb Code   124  main.o(i.main)
    PS2_cmnd                                 0x08004e6c   Data           9  ax_ps2.o(.constdata)
    Region$$Table$$Base                      0x08005038   Number         0  anon$$obj.o(Region$$Table)
    Region$$Table$$Limit                     0x08005058   Number         0  anon$$obj.o(Region$$Table)
    ax_motor_kp                              0x20000008   Data           2  ax_robot.o(.data)
    ax_motor_kd                              0x2000000a   Data           2  ax_robot.o(.data)
    ax_robot_type                            0x2000000c   Data           1  ax_robot.o(.data)
    ax_robot_move_enable                     0x2000000d   Data           1  ax_robot.o(.data)
    ax_akm_angle                             0x2000000e   Data           2  ax_robot.o(.data)
    ax_akm_offset                            0x20000010   Data           2  ax_robot.o(.data)
    my_joystick                              0x20000012   Data           7  ax_robot.o(.data)
    flag_tim7                                0x2000004f   Data           1  ax_tim.o(.data)
    R_Vel                                    0x20000068   Data          36  ax_robot.o(.bss)
    R_Wheel_A                                0x20000090   Data          16  ax_robot.o(.bss)
    R_Wheel_B                                0x200000a0   Data          16  ax_robot.o(.bss)
    R_Wheel_C                                0x200000b0   Data          16  ax_robot.o(.bss)
    R_Wheel_D                                0x200000c0   Data          16  ax_robot.o(.bss)
    __initial_sp                             0x20000530   Data           0  startup_stm32f40_41xxx.o(STACK)



==============================================================================

Memory Map of the image

  Image Entry point : 0x08000189

  Load Region LR_IROM1 (Base: 0x08000000, Size: 0x000050bc, Max: 0x00080000, ABSOLUTE)

    Execution Region ER_IROM1 (Exec base: 0x08000000, Load base: 0x08000000, Size: 0x00005058, Max: 0x00080000, ABSOLUTE)

    Exec Addr    Load Addr    Size         Type   Attr      Idx    E Section Name        Object

    0x08000000   0x08000000   0x00000188   Data   RO         5962    RESET               startup_stm32f40_41xxx.o
    0x08000188   0x08000188   0x00000000   Code   RO         5993  * .ARM.Collect$$$$00000000  mc_w.l(entry.o)
    0x08000188   0x08000188   0x00000004   Code   RO         6047    .ARM.Collect$$$$00000001  mc_w.l(entry2.o)
    0x0800018c   0x0800018c   0x00000004   Code   RO         6050    .ARM.Collect$$$$00000004  mc_w.l(entry5.o)
    0x08000190   0x08000190   0x00000000   Code   RO         6052    .ARM.Collect$$$$00000008  mc_w.l(entry7b.o)
    0x08000190   0x08000190   0x00000000   Code   RO         6054    .ARM.Collect$$$$0000000A  mc_w.l(entry8b.o)
    0x08000190   0x08000190   0x00000008   Code   RO         6055    .ARM.Collect$$$$0000000B  mc_w.l(entry9a.o)
    0x08000198   0x08000198   0x00000000   Code   RO         6057    .ARM.Collect$$$$0000000D  mc_w.l(entry10a.o)
    0x08000198   0x08000198   0x00000000   Code   RO         6059    .ARM.Collect$$$$0000000F  mc_w.l(entry11a.o)
    0x08000198   0x08000198   0x00000004   Code   RO         6048    .ARM.Collect$$$$00002712  mc_w.l(entry2.o)
    0x0800019c   0x0800019c   0x0000004c   Code   RO         5963    .text               startup_stm32f40_41xxx.o
    0x080001e8   0x080001e8   0x0000014e   Code   RO         5996    .text               mf_w.l(dadd.o)
    0x08000336   0x08000336   0x000000e4   Code   RO         5998    .text               mf_w.l(dmul.o)
    0x0800041a   0x0800041a   0x000000de   Code   RO         6000    .text               mf_w.l(ddiv.o)
    0x080004f8   0x080004f8   0x00000022   Code   RO         6004    .text               mf_w.l(dflti.o)
    0x0800051a   0x0800051a   0x0000003e   Code   RO         6006    .text               mf_w.l(dfixi.o)
    0x08000558   0x08000558   0x00000026   Code   RO         6008    .text               mf_w.l(f2d.o)
    0x0800057e   0x0800057e   0x00000038   Code   RO         6010    .text               mf_w.l(d2f.o)
    0x080005b6   0x080005b6   0x0000001e   Code   RO         6061    .text               mc_w.l(llshl.o)
    0x080005d4   0x080005d4   0x00000020   Code   RO         6063    .text               mc_w.l(llushr.o)
    0x080005f4   0x080005f4   0x00000024   Code   RO         6065    .text               mc_w.l(llsshr.o)
    0x08000618   0x08000618   0x00000000   Code   RO         6074    .text               mc_w.l(iusefp.o)
    0x08000618   0x08000618   0x0000006e   Code   RO         6075    .text               mf_w.l(fepilogue.o)
    0x08000686   0x08000686   0x000000ba   Code   RO         6077    .text               mf_w.l(depilogue.o)
    0x08000740   0x08000740   0x00000024   Code   RO         6079    .text               mc_w.l(init.o)
    0x08000764   0x08000764   0x0000001a   Code   RO         6081    .text               mf_w.l(dfltui.o)
    0x0800077e   0x0800077e   0x00000002   PAD
    0x08000780   0x08000780   0x0000003c   Code   RO          446    i.AX_BEEP_Init      ax_beep.o
    0x080007bc   0x080007bc   0x0000000c   Code   RO          470    i.AX_DELAY_Init     ax_delay.o
    0x080007c8   0x080007c8   0x0000004a   Code   RO          472    i.AX_Delayus        ax_delay.o
    0x08000812   0x08000812   0x0000000a   Code   RO          784    i.AX_ENCODER_A_GetCounter  ax_encoder.o
    0x0800081c   0x0800081c   0x000000d0   Code   RO          785    i.AX_ENCODER_A_Init  ax_encoder.o
    0x080008ec   0x080008ec   0x00000008   Code   RO          786    i.AX_ENCODER_A_SetCounter  ax_encoder.o
    0x080008f4   0x080008f4   0x0000000c   Code   RO          787    i.AX_ENCODER_B_GetCounter  ax_encoder.o
    0x08000900   0x08000900   0x000000b4   Code   RO          788    i.AX_ENCODER_B_Init  ax_encoder.o
    0x080009b4   0x080009b4   0x0000000c   Code   RO          789    i.AX_ENCODER_B_SetCounter  ax_encoder.o
    0x080009c0   0x080009c0   0x0000000c   Code   RO          790    i.AX_ENCODER_C_GetCounter  ax_encoder.o
    0x080009cc   0x080009cc   0x000000b4   Code   RO          791    i.AX_ENCODER_C_Init  ax_encoder.o
    0x08000a80   0x08000a80   0x0000000c   Code   RO          792    i.AX_ENCODER_C_SetCounter  ax_encoder.o
    0x08000a8c   0x08000a8c   0x0000000c   Code   RO          793    i.AX_ENCODER_D_GetCounter  ax_encoder.o
    0x08000a98   0x08000a98   0x000000b4   Code   RO          794    i.AX_ENCODER_D_Init  ax_encoder.o
    0x08000b4c   0x08000b4c   0x0000000c   Code   RO          795    i.AX_ENCODER_D_SetCounter  ax_encoder.o
    0x08000b58   0x08000b58   0x00000050   Code   RO          511    i.AX_LED_Init       ax_led.o
    0x08000ba8   0x08000ba8   0x000000f8   Code   RO          622    i.AX_MOTOR_AB_Init  ax_motor.o
    0x08000ca0   0x08000ca0   0x00000054   Code   RO          623    i.AX_MOTOR_A_SetSpeed  ax_motor.o
    0x08000cf4   0x08000cf4   0x00000054   Code   RO          624    i.AX_MOTOR_B_SetSpeed  ax_motor.o
    0x08000d48   0x08000d48   0x0000016c   Code   RO          625    i.AX_MOTOR_CD_Init  ax_motor.o
    0x08000eb4   0x08000eb4   0x00000054   Code   RO          626    i.AX_MOTOR_C_SetSpeed  ax_motor.o
    0x08000f08   0x08000f08   0x00000054   Code   RO          627    i.AX_MOTOR_D_SetSpeed  ax_motor.o
    0x08000f5c   0x08000f5c   0x000000ac   Code   RO          874    i.AX_PS2_Init       ax_ps2.o
    0x08001008   0x08001008   0x00000064   Code   RO          875    i.AX_PS2_ScanKey    ax_ps2.o
    0x0800106c   0x0800106c   0x00000058   Code   RO          315    i.AX_ROBOT_Kinematics  ax_kinematics.o
    0x080010c4   0x080010c4   0x0000001c   Code   RO          316    i.AX_ROBOT_Stop     ax_kinematics.o
    0x080010e0   0x080010e0   0x000000a8   Code   RO          676    i.AX_SERVO_S1_Init  ax_servo.o
    0x08001188   0x08001188   0x0000004c   Code   RO          678    i.AX_SERVO_S1_SetAngle  ax_servo.o
    0x080011d4   0x080011d4   0x000000a8   Code   RO          679    i.AX_SERVO_S2_Init  ax_servo.o
    0x0800127c   0x0800127c   0x0000004c   Code   RO          681    i.AX_SERVO_S2_SetAngle  ax_servo.o
    0x080012c8   0x080012c8   0x000000b8   Code   RO          403    i.AX_SPEED_PidCtlA  ax_speed.o
    0x08001380   0x08001380   0x000000b8   Code   RO          404    i.AX_SPEED_PidCtlB  ax_speed.o
    0x08001438   0x08001438   0x000000b8   Code   RO          405    i.AX_SPEED_PidCtlC  ax_speed.o
    0x080014f0   0x080014f0   0x000000b8   Code   RO          406    i.AX_SPEED_PidCtlD  ax_speed.o
    0x080015a8   0x080015a8   0x00000018   Code   RO          913    i.AX_TIM7_CheckIrqStatus  ax_tim.o
    0x080015c0   0x080015c0   0x0000001c   Code   RO          914    i.AX_TIM7_Cmd       ax_tim.o
    0x080015dc   0x080015dc   0x00000064   Code   RO          915    i.AX_TIM7_Init      ax_tim.o
    0x08001640   0x08001640   0x000000b4   Code   RO          561    i.AX_UART1_Init     ax_uart1.o
    0x080016f4   0x080016f4   0x00000090   Code   RO          562    i.AX_UART1_SendPacket  ax_uart1.o
    0x08001784   0x08001784   0x00000004   Code   RO          199    i.BusFault_Handler  stm32f4xx_it.o
    0x08001788   0x08001788   0x00000002   Code   RO          200    i.DebugMon_Handler  stm32f4xx_it.o
    0x0800178a   0x0800178a   0x00000090   Code   RO         2833    i.GPIO_Init         stm32f4xx_gpio.o
    0x0800181a   0x0800181a   0x00000046   Code   RO         2834    i.GPIO_PinAFConfig  stm32f4xx_gpio.o
    0x08001860   0x08001860   0x00000012   Code   RO         2837    i.GPIO_ReadInputDataBit  stm32f4xx_gpio.o
    0x08001872   0x08001872   0x00000004   Code   RO         2840    i.GPIO_ResetBits    stm32f4xx_gpio.o
    0x08001876   0x08001876   0x00000004   Code   RO         2841    i.GPIO_SetBits      stm32f4xx_gpio.o
    0x0800187a   0x0800187a   0x0000000a   Code   RO         2845    i.GPIO_WriteBit     stm32f4xx_gpio.o
    0x08001884   0x08001884   0x00000004   Code   RO          201    i.HardFault_Handler  stm32f4xx_it.o
    0x08001888   0x08001888   0x00000004   Code   RO          202    i.MemManage_Handler  stm32f4xx_it.o
    0x0800188c   0x0800188c   0x00000002   Code   RO          203    i.NMI_Handler       stm32f4xx_it.o
    0x0800188e   0x0800188e   0x00000002   PAD
    0x08001890   0x08001890   0x00000078   Code   RO          958    i.NVIC_Init         misc.o
    0x08001908   0x08001908   0x00000014   Code   RO          959    i.NVIC_PriorityGroupConfig  misc.o
    0x0800191c   0x0800191c   0x00000074   Code   RO          876    i.PS2_ReadWriteData  ax_ps2.o
    0x08001990   0x08001990   0x00000020   Code   RO         3759    i.RCC_AHB1PeriphClockCmd  stm32f4xx_rcc.o
    0x080019b0   0x080019b0   0x00000020   Code   RO         3768    i.RCC_APB1PeriphClockCmd  stm32f4xx_rcc.o
    0x080019d0   0x080019d0   0x00000020   Code   RO         3770    i.RCC_APB1PeriphResetCmd  stm32f4xx_rcc.o
    0x080019f0   0x080019f0   0x00000020   Code   RO         3771    i.RCC_APB2PeriphClockCmd  stm32f4xx_rcc.o
    0x08001a10   0x08001a10   0x00000020   Code   RO         3773    i.RCC_APB2PeriphResetCmd  stm32f4xx_rcc.o
    0x08001a30   0x08001a30   0x000000e8   Code   RO         3780    i.RCC_GetClocksFreq  stm32f4xx_rcc.o
    0x08001b18   0x08001b18   0x000004a6   Code   RO          317    i.ROBOT_AKM_Kinematics  ax_kinematics.o
    0x08001fbe   0x08001fbe   0x00000002   PAD
    0x08001fc0   0x08001fc0   0x00000584   Code   RO          318    i.ROBOT_FWD_Kinematics  ax_kinematics.o
    0x08002544   0x08002544   0x00000640   Code   RO          319    i.ROBOT_MEC_Kinematics  ax_kinematics.o
    0x08002b84   0x08002b84   0x00000594   Code   RO          320    i.ROBOT_OMT_Kinematics  ax_kinematics.o
    0x08003118   0x08003118   0x00000064   Code   RO            4    i.ROBOT_PS2_Control  main.o
    0x0800317c   0x0800317c   0x00000044   Code   RO            5    i.ROBOT_SendDataToRos  main.o
    0x080031c0   0x080031c0   0x00000360   Code   RO          321    i.ROBOT_TWD_Kinematics  ax_kinematics.o
    0x08003520   0x08003520   0x00000002   Code   RO          205    i.SVC_Handler       stm32f4xx_it.o
    0x08003522   0x08003522   0x00000002   PAD
    0x08003524   0x08003524   0x000000ec   Code   RO          274    i.SetSysClock       system_stm32f4xx.o
    0x08003610   0x08003610   0x00000028   Code   RO          962    i.SysTick_CLKSourceConfig  misc.o
    0x08003638   0x08003638   0x00000068   Code   RO          276    i.SystemInit        system_stm32f4xx.o
    0x080036a0   0x080036a0   0x0000003a   Code   RO         5139    i.TI1_Config        stm32f4xx_tim.o
    0x080036da   0x080036da   0x00000050   Code   RO         5140    i.TI2_Config        stm32f4xx_tim.o
    0x0800372a   0x0800372a   0x00000048   Code   RO         5141    i.TI3_Config        stm32f4xx_tim.o
    0x08003772   0x08003772   0x00000050   Code   RO         5142    i.TI4_Config        stm32f4xx_tim.o
    0x080037c2   0x080037c2   0x00000002   PAD
    0x080037c4   0x080037c4   0x00000024   Code   RO          916    i.TIM7_IRQHandler   ax_tim.o
    0x080037e8   0x080037e8   0x00000018   Code   RO         5143    i.TIM_ARRPreloadConfig  stm32f4xx_tim.o
    0x08003800   0x08003800   0x00000006   Code   RO         5149    i.TIM_ClearFlag     stm32f4xx_tim.o
    0x08003806   0x08003806   0x00000006   Code   RO         5150    i.TIM_ClearITPendingBit  stm32f4xx_tim.o
    0x0800380c   0x0800380c   0x00000018   Code   RO         5155    i.TIM_Cmd           stm32f4xx_tim.o
    0x08003824   0x08003824   0x0000001e   Code   RO         5157    i.TIM_CtrlPWMOutputs  stm32f4xx_tim.o
    0x08003842   0x08003842   0x00000002   PAD
    0x08003844   0x08003844   0x00000190   Code   RO         5160    i.TIM_DeInit        stm32f4xx_tim.o
    0x080039d4   0x080039d4   0x00000042   Code   RO         5164    i.TIM_EncoderInterfaceConfig  stm32f4xx_tim.o
    0x08003a16   0x08003a16   0x00000022   Code   RO         5176    i.TIM_GetITStatus   stm32f4xx_tim.o
    0x08003a38   0x08003a38   0x0000006e   Code   RO         5178    i.TIM_ICInit        stm32f4xx_tim.o
    0x08003aa6   0x08003aa6   0x00000012   Code   RO         5179    i.TIM_ICStructInit  stm32f4xx_tim.o
    0x08003ab8   0x08003ab8   0x00000012   Code   RO         5180    i.TIM_ITConfig      stm32f4xx_tim.o
    0x08003aca   0x08003aca   0x00000002   PAD
    0x08003acc   0x08003acc   0x0000007c   Code   RO         5184    i.TIM_OC1Init       stm32f4xx_tim.o
    0x08003b48   0x08003b48   0x00000012   Code   RO         5187    i.TIM_OC1PreloadConfig  stm32f4xx_tim.o
    0x08003b5a   0x08003b5a   0x00000002   PAD
    0x08003b5c   0x08003b5c   0x000000a4   Code   RO         5189    i.TIM_OC2Init       stm32f4xx_tim.o
    0x08003c00   0x08003c00   0x0000001a   Code   RO         5192    i.TIM_OC2PreloadConfig  stm32f4xx_tim.o
    0x08003c1a   0x08003c1a   0x00000002   PAD
    0x08003c1c   0x08003c1c   0x000000a0   Code   RO         5194    i.TIM_OC3Init       stm32f4xx_tim.o
    0x08003cbc   0x08003cbc   0x00000012   Code   RO         5197    i.TIM_OC3PreloadConfig  stm32f4xx_tim.o
    0x08003cce   0x08003cce   0x00000002   PAD
    0x08003cd0   0x08003cd0   0x00000078   Code   RO         5199    i.TIM_OC4Init       stm32f4xx_tim.o
    0x08003d48   0x08003d48   0x0000001a   Code   RO         5201    i.TIM_OC4PreloadConfig  stm32f4xx_tim.o
    0x08003d62   0x08003d62   0x00000004   Code   RO         5217    i.TIM_SetCompare1   stm32f4xx_tim.o
    0x08003d66   0x08003d66   0x00000004   Code   RO         5218    i.TIM_SetCompare2   stm32f4xx_tim.o
    0x08003d6a   0x08003d6a   0x00000004   Code   RO         5219    i.TIM_SetCompare3   stm32f4xx_tim.o
    0x08003d6e   0x08003d6e   0x00000004   Code   RO         5220    i.TIM_SetCompare4   stm32f4xx_tim.o
    0x08003d72   0x08003d72   0x00000004   Code   RO         5221    i.TIM_SetCounter    stm32f4xx_tim.o
    0x08003d76   0x08003d76   0x00000012   Code   RO         5222    i.TIM_SetIC1Prescaler  stm32f4xx_tim.o
    0x08003d88   0x08003d88   0x0000001a   Code   RO         5223    i.TIM_SetIC2Prescaler  stm32f4xx_tim.o
    0x08003da2   0x08003da2   0x00000012   Code   RO         5224    i.TIM_SetIC3Prescaler  stm32f4xx_tim.o
    0x08003db4   0x08003db4   0x0000001a   Code   RO         5225    i.TIM_SetIC4Prescaler  stm32f4xx_tim.o
    0x08003dce   0x08003dce   0x00000002   PAD
    0x08003dd0   0x08003dd0   0x00000084   Code   RO         5227    i.TIM_TimeBaseInit  stm32f4xx_tim.o
    0x08003e54   0x08003e54   0x00000012   Code   RO         5228    i.TIM_TimeBaseStructInit  stm32f4xx_tim.o
    0x08003e66   0x08003e66   0x00000002   PAD
    0x08003e68   0x08003e68   0x0000010c   Code   RO          563    i.USART1_IRQHandler  ax_uart1.o
    0x08003f74   0x08003f74   0x00000012   Code   RO         5705    i.USART_ClearFlag   stm32f4xx_usart.o
    0x08003f86   0x08003f86   0x00000018   Code   RO         5709    i.USART_Cmd         stm32f4xx_usart.o
    0x08003f9e   0x08003f9e   0x0000001a   Code   RO         5712    i.USART_GetFlagStatus  stm32f4xx_usart.o
    0x08003fb8   0x08003fb8   0x00000054   Code   RO         5713    i.USART_GetITStatus  stm32f4xx_usart.o
    0x0800400c   0x0800400c   0x0000004a   Code   RO         5715    i.USART_ITConfig    stm32f4xx_usart.o
    0x08004056   0x08004056   0x00000002   PAD
    0x08004058   0x08004058   0x000000d4   Code   RO         5716    i.USART_Init        stm32f4xx_usart.o
    0x0800412c   0x0800412c   0x0000000a   Code   RO         5723    i.USART_ReceiveData  stm32f4xx_usart.o
    0x08004136   0x08004136   0x00000008   Code   RO         5726    i.USART_SendData    stm32f4xx_usart.o
    0x0800413e   0x0800413e   0x00000004   Code   RO          207    i.UsageFault_Handler  stm32f4xx_it.o
    0x08004142   0x08004142   0x00000030   Code   RO         6032    i.__ARM_fpclassify  m_wm.l(fpclassify.o)
    0x08004172   0x08004172   0x00000006   PAD
    0x08004178   0x08004178   0x000002d8   Code   RO         5967    i.__hardfp_atan     m_wm.l(atan.o)
    0x08004450   0x08004450   0x00000080   Code   RO         5981    i.__hardfp_tan      m_wm.l(tan.o)
    0x080044d0   0x080044d0   0x00000438   Code   RO         6036    i.__ieee754_rem_pio2  m_wm.l(rred.o)
    0x08004908   0x08004908   0x000000f8   Code   RO         6034    i.__kernel_poly     m_wm.l(poly.o)
    0x08004a00   0x08004a00   0x00000350   Code   RO         6041    i.__kernel_tan      m_wm.l(tan_i.o)
    0x08004d50   0x08004d50   0x00000014   Code   RO         6013    i.__mathlib_dbl_infnan  m_wm.l(dunder.o)
    0x08004d64   0x08004d64   0x00000004   PAD
    0x08004d68   0x08004d68   0x00000020   Code   RO         6015    i.__mathlib_dbl_invalid  m_wm.l(dunder.o)
    0x08004d88   0x08004d88   0x00000020   Code   RO         6018    i.__mathlib_dbl_underflow  m_wm.l(dunder.o)
    0x08004da8   0x08004da8   0x0000000e   Code   RO         6085    i.__scatterload_copy  mc_w.l(handlers.o)
    0x08004db6   0x08004db6   0x00000002   Code   RO         6086    i.__scatterload_null  mc_w.l(handlers.o)
    0x08004db8   0x08004db8   0x0000000e   Code   RO         6087    i.__scatterload_zeroinit  mc_w.l(handlers.o)
    0x08004dc6   0x08004dc6   0x00000002   PAD
    0x08004dc8   0x08004dc8   0x0000000c   Code   RO         6069    i.__set_errno       mc_w.l(errno.o)
    0x08004dd4   0x08004dd4   0x00000018   Code   RO         6028    i.fabs              m_wm.l(fabs.o)
    0x08004dec   0x08004dec   0x00000080   Code   RO            6    i.main              main.o
    0x08004e6c   0x08004e6c   0x00000009   Data   RO          878    .constdata          ax_ps2.o
    0x08004e75   0x08004e75   0x00000003   PAD
    0x08004e78   0x08004e78   0x00000098   Data   RO         5970    .constdata          m_wm.l(atan.o)
    0x08004f10   0x08004f10   0x000000c8   Data   RO         6038    .constdata          m_wm.l(rred.o)
    0x08004fd8   0x08004fd8   0x00000060   Data   RO         6042    .constdata          m_wm.l(tan_i.o)
    0x08005038   0x08005038   0x00000020   Data   RO         6083    Region$$Table       anon$$obj.o


    Execution Region RW_IRAM1 (Exec base: 0x20000000, Load base: 0x08005058, Size: 0x00000530, Max: 0x00020000, ABSOLUTE)

    Exec Addr    Load Addr    Size         Type   Attr      Idx    E Section Name        Object

    0x20000000   0x08005058   0x00000007   Data   RW            7    .data               main.o
    0x20000007   0x0800505f   0x00000001   PAD
    0x20000008   0x08005060   0x00000011   Data   RW          379    .data               ax_robot.o
    0x20000019   0x08005071   0x00000003   PAD
    0x2000001c   0x08005074   0x00000030   Data   RW          407    .data               ax_speed.o
    0x2000004c   0x080050a4   0x00000003   Data   RW          567    .data               ax_uart1.o
    0x2000004f   0x080050a7   0x00000001   Data   RW          917    .data               ax_tim.o
    0x20000050   0x080050a8   0x00000010   Data   RW         3812    .data               stm32f4xx_rcc.o
    0x20000060   0x080050b8   0x00000004   Data   RW         6070    .data               mc_w.l(errno.o)
    0x20000064   0x080050bc   0x00000004   PAD
    0x20000068        -       0x00000068   Zero   RW          378    .bss                ax_robot.o
    0x200000d0        -       0x00000050   Zero   RW          566    .bss                ax_uart1.o
    0x20000120        -       0x00000009   Zero   RW          877    .bss                ax_ps2.o
    0x20000129   0x080050bc   0x00000007   PAD
    0x20000130        -       0x00000400   Zero   RW         5960    STACK               startup_stm32f40_41xxx.o


==============================================================================

Image component sizes


      Code (inc. data)   RO Data    RW Data    ZI Data      Debug   Object Name

        60          4          0          0          0        663   ax_beep.o
        86          0          0          0          0       1293   ax_delay.o
       838         66          0          0          0       8536   ax_encoder.o
      6610        504          0          0          0       5989   ax_kinematics.o
        80          4          0          0          0        670   ax_led.o
       948         56          0          0          0       4846   ax_motor.o
       388         30          9          0          9       3190   ax_ps2.o
         0          0          0         17        104       2898   ax_robot.o
       488         52          0          0          0       3060   ax_servo.o
       736        104          0         48          0       3244   ax_speed.o
       188         22          0          1          0       3068   ax_tim.o
       592         44          0          3         80       3630   ax_uart1.o
       296         28          0          7          0     295021   main.o
       180         24          0          0          0       2861   misc.o
        76         16        392          0       1024       1052   startup_stm32f40_41xxx.o
       250          0          0          0          0       5463   stm32f4xx_gpio.o
        22          0          0          0          0       4167   stm32f4xx_it.o
       392         48          0         16          0       7333   stm32f4xx_rcc.o
      1940        120          0          0          0      28706   stm32f4xx_tim.o
       456          8          0          0          0       7767   stm32f4xx_usart.o
       340         32          0          0          0       1957   system_stm32f4xx.o

    ----------------------------------------------------------------------
     14990       1162        436         96       1224     395414   Object Totals
         0          0         32          0          0          0   (incl. Generated)
        24          0          3          4          7          0   (incl. Padding)

    ----------------------------------------------------------------------

      Code (inc. data)   RO Data    RW Data    ZI Data      Debug   Library Member Name

       728        106        152          0          0        228   atan.o
        84         16          0          0          0        372   dunder.o
        24          0          0          0          0        124   fabs.o
        48          0          0          0          0        124   fpclassify.o
       248          0          0          0          0        152   poly.o
      1080        142        200          0          0        188   rred.o
       128         20          0          0          0        144   tan.o
       848         84         96          0          0        196   tan_i.o
         0          0          0          0          0          0   entry.o
         0          0          0          0          0          0   entry10a.o
         0          0          0          0          0          0   entry11a.o
         8          4          0          0          0          0   entry2.o
         4          0          0          0          0          0   entry5.o
         0          0          0          0          0          0   entry7b.o
         0          0          0          0          0          0   entry8b.o
         8          4          0          0          0          0   entry9a.o
        12          6          0          4          0         68   errno.o
        30          0          0          0          0          0   handlers.o
        36          8          0          0          0         68   init.o
         0          0          0          0          0          0   iusefp.o
        30          0          0          0          0         68   llshl.o
        36          0          0          0          0         68   llsshr.o
        32          0          0          0          0         68   llushr.o
        56          0          0          0          0         88   d2f.o
       334          0          0          0          0        148   dadd.o
       222          0          0          0          0        100   ddiv.o
       186          0          0          0          0        176   depilogue.o
        62          0          0          0          0         80   dfixi.o
        34          0          0          0          0         76   dflti.o
        26          0          0          0          0         76   dfltui.o
       228          0          0          0          0         96   dmul.o
        38          0          0          0          0         68   f2d.o
       110          0          0          0          0        168   fepilogue.o

    ----------------------------------------------------------------------
      4694        390        448          4          4       2944   Library Totals
        14          0          0          0          4          0   (incl. Padding)

    ----------------------------------------------------------------------

      Code (inc. data)   RO Data    RW Data    ZI Data      Debug   Library Name

      3188        368        448          0          0       1528   m_wm.l
       196         22          0          4          0        340   mc_w.l
      1296          0          0          0          0       1076   mf_w.l

    ----------------------------------------------------------------------
      4694        390        448          4          4       2944   Library Totals

    ----------------------------------------------------------------------

==============================================================================


      Code (inc. data)   RO Data    RW Data    ZI Data      Debug   

     19684       1552        884        100       1228     386038   Grand Totals
     19684       1552        884        100       1228     386038   ELF Image Totals
     19684       1552        884        100          0          0   ROM Totals

==============================================================================

    Total RO  Size (Code + RO Data)                20568 (  20.09kB)
    Total RW  Size (RW Data + ZI Data)              1328 (   1.30kB)
    Total ROM Size (Code + RO Data + RW Data)      20668 (  20.18kB)

==============================================================================

