<html>
<body>
<pre>
<h1>礦ision Build Log</h1>
<h2>Tool Versions:</h2>
IDE-Version: μVision V5.38.0.0
Copyright (C) 2022 ARM Ltd and ARM Germany GmbH. All rights reserved.
License Information: 1 3355243615@qq.com, 1, LIC=IK1BF-61M0Q-JJ36S-LKBNN-01QVX-NCPU8
 
Tool Versions:
Toolchain:       MDK-ARM Plus  Version: 5.25.2.0
Toolchain Path:  D:\Keil_v5\ARM\ARMCC\Bin
C Compiler:      Armcc.exe V5.06 update 6 (build 750)
Assembler:       Armasm.exe V5.06 update 6 (build 750)
Linker/Locator:  ArmLink.exe V5.06 update 6 (build 750)
Library Manager: ArmAr.exe V5.06 update 6 (build 750)
Hex Converter:   FromElf.exe V5.06 update 6 (build 750)
CPU DLL:         SARMCM3.DLL V5.25.2.0
Dialog DLL:      DCM.DLL V1.17.1.0
Target DLL:      CMSIS_AGDI.dll V1.29.10.0
Dialog DLL:      TCM.DLL V1.35.1.0
 
<h2>Project:</h2>
E:\塔克 l MC130编码器TT马达电机资料 V20240619\4 小车底盘控制源码\编码器电机小车控制源码V1.0.230626\编码器电机小车控制源码V1.0.230626\Project\xproject.uvprojx
Project File Date:  11/16/2025

<h2>Output:</h2>
*** Using Compiler 'V5.06 update 6 (build 750)', folder: 'D:\Keil_v5\ARM\ARMCC\Bin'
Rebuild target 'OpenCTR'
compiling ax_beep.c...
compiling stm32f4xx_it.c...
compiling system_stm32f4xx.c...
compiling ax_uart1.c...
compiling ax_robot.c...
compiling main.c...
compiling ax_kinematics.c...
..\Robot\ax_kinematics.c(411): warning:  #1035-D: single-precision operand implicitly converted to double-precision
  	R_Wheel_A.TG = -0.5*R_Vel.TG_FX + 0.5*R_Vel.TG_FY + OMT_WHEEL_RADIUS*R_Vel.TG_FW;
..\Robot\ax_kinematics.c(411): warning:  #1035-D: single-precision operand implicitly converted to double-precision
  	R_Wheel_A.TG = -0.5*R_Vel.TG_FX + 0.5*R_Vel.TG_FY + OMT_WHEEL_RADIUS*R_Vel.TG_FW;
..\Robot\ax_kinematics.c(412): warning:  #1035-D: single-precision operand implicitly converted to double-precision
  	R_Wheel_B.TG =  0.5*R_Vel.TG_FX + 0.5*R_Vel.TG_FY + OMT_WHEEL_RADIUS*R_Vel.TG_FW;
..\Robot\ax_kinematics.c(412): warning:  #1035-D: single-precision operand implicitly converted to double-precision
  	R_Wheel_B.TG =  0.5*R_Vel.TG_FX + 0.5*R_Vel.TG_FY + OMT_WHEEL_RADIUS*R_Vel.TG_FW;
..\Robot\ax_kinematics.c(412): warning:  #1035-D: single-precision operand implicitly converted to double-precision
  	R_Wheel_B.TG =  0.5*R_Vel.TG_FX + 0.5*R_Vel.TG_FY + OMT_WHEEL_RADIUS*R_Vel.TG_FW;
..\Robot\ax_kinematics.c(413): warning:  #1035-D: single-precision operand implicitly converted to double-precision
  	R_Wheel_C.TG = -R_Vel.TG_FY + OMT_WHEEL_RADIUS*R_Vel.TG_FW;
..\Robot\ax_kinematics.c: 6 warnings, 0 errors
compiling ax_servo.c...
compiling stm32f4xx_adc.c...
compiling ax_sys.c...
compiling ax_encoder.c...
compiling misc.c...
compiling ax_speed.c...
compiling stm32f4xx_dsi.c...
compiling stm32f4xx_dcmi.c...
compiling ax_motor.c...
compiling ax_tim.c...
compiling stm32f4xx_cec.c...
compiling ax_led.c...
compiling stm32f4xx_crc.c...
compiling stm32f4xx_cryp.c...
compiling stm32f4xx_can.c...
compiling stm32f4xx_cryp_tdes.c...
compiling stm32f4xx_dfsdm.c...
compiling ax_delay.c...
compiling stm32f4xx_dma.c...
compiling stm32f4xx_dbgmcu.c...
compiling stm32f4xx_cryp_des.c...
compiling stm32f4xx_exti.c...
compiling stm32f4xx_cryp_aes.c...
compiling stm32f4xx_dac.c...
compiling stm32f4xx_dma2d.c...
compiling ax_ps2.c...
compiling stm32f4xx_flash.c...
compiling stm32f4xx_flash_ramfunc.c...
compiling stm32f4xx_fmpi2c.c...
compiling stm32f4xx_gpio.c...
compiling stm32f4xx_fsmc.c...
compiling stm32f4xx_hash_md5.c...
compiling stm32f4xx_hash.c...
compiling stm32f4xx_hash_sha1.c...
compiling stm32f4xx_i2c.c...
compiling stm32f4xx_iwdg.c...
compiling stm32f4xx_lptim.c...
assembling startup_stm32f40_41xxx.s...
compiling stm32f4xx_pwr.c...
compiling stm32f4xx_ltdc.c...
compiling stm32f4xx_qspi.c...
compiling stm32f4xx_rng.c...
compiling stm32f4xx_rcc.c...
compiling stm32f4xx_sai.c...
compiling stm32f4xx_rtc.c...
compiling stm32f4xx_sdio.c...
compiling stm32f4xx_spdifrx.c...
compiling stm32f4xx_spi.c...
compiling stm32f4xx_usart.c...
compiling stm32f4xx_syscfg.c...
compiling stm32f4xx_wwdg.c...
compiling stm32f4xx_tim.c...
linking...
Program Size: Code=19684 RO-data=884 RW-data=100 ZI-data=1228  
FromELF: creating hex file...
".\Objects\xproject.axf" - 0 Error(s), 6 Warning(s).

<h2>Software Packages used:</h2>

Package Vendor: Keil
                http://www.keil.com/pack/Keil.STM32F4xx_DFP.2.15.0.pack
                Keil.STM32F4xx_DFP.2.15.0
                STMicroelectronics STM32F4 Series Device Support, Drivers and Examples

<h2>Collection of Component include folders:</h2>
  D:/Keil_v5/ARM/PACK/Keil/STM32F4xx_DFP/2.15.0/Drivers/CMSIS/Device/ST/STM32F4xx/Include

<h2>Collection of Component Files used:</h2>
Build Time Elapsed:  00:00:06
</pre>
</body>
</html>
